Archive member included to satisfy reference by file (symbol)

/opt/devkitpro/libctru/lib/libctru.a(console.o)
                              main.o (consoleInit)
/opt/devkitpro/libctru/lib/libctru.a(gfx.o)
                              /opt/devkitpro/libctru/lib/libctru.a(console.o) (gfxIsWide)
/opt/devkitpro/libctru/lib/libctru.a(apt.o)
                              main.o (aptMainLoop)
/opt/devkitpro/libctru/lib/libctru.a(gspgpu.o)
                              /opt/devkitpro/libctru/lib/libctru.a(gfx.o) (gspInit)
/opt/devkitpro/libctru/lib/libctru.a(hid.o)
                              main.o (hidScanInput)
/opt/devkitpro/libctru/lib/libctru.a(irrst.o)
                              /opt/devkitpro/libctru/lib/libctru.a(hid.o) (irrstInit)
/opt/devkitpro/libctru/lib/libctru.a(ctru_init.o)
                              /opt/devkitpro/libctru/lib/libctru.a(apt.o) (__system_retAddr)
/opt/devkitpro/libctru/lib/libctru.a(initArgv.o)
                              /opt/devkitpro/libctru/lib/libctru.a(ctru_init.o) (__system_initArgv)
/opt/devkitpro/libctru/lib/libctru.a(syscalls.o)
                              /opt/devkitpro/libctru/lib/libctru.a(ctru_init.o) (__system_initSyscalls)
/opt/devkitpro/libctru/lib/libctru.a(svc.o)
                              /opt/devkitpro/libctru/lib/libctru.a(apt.o) (svcSleepThread)
/opt/devkitpro/libctru/lib/libctru.a(stack_adjust.o)
                              /opt/devkitpro/devkitARM/bin/../lib/gcc/arm-none-eabi/14.1.0/../../../../arm-none-eabi/lib/armv6k/fpu/3dsx_crt0.o (initSystem)
/opt/devkitpro/libctru/lib/libctru.a(default_font.bin.o)
                              /opt/devkitpro/libctru/lib/libctru.a(console.o) (default_font_bin)
/opt/devkitpro/libctru/lib/libctru.a(linear.o)
                              /opt/devkitpro/libctru/lib/libctru.a(gfx.o) (linearAlloc)
/opt/devkitpro/libctru/lib/libctru.a(mem_pool.o)
                              /opt/devkitpro/libctru/lib/libctru.a(linear.o) (MemPool::Allocate(MemChunk&, unsigned long, int))
/opt/devkitpro/libctru/lib/libctru.a(vram.o)
                              /opt/devkitpro/libctru/lib/libctru.a(gfx.o) (vramAlloc)
/opt/devkitpro/libctru/lib/libctru.a(3dslink.o)
                              /opt/devkitpro/libctru/lib/libctru.a(initArgv.o) (__3dslink_host)
/opt/devkitpro/libctru/lib/libctru.a(env.o)
                              /opt/devkitpro/libctru/lib/libctru.a(irrst.o) (envGetHandle)
/opt/devkitpro/libctru/lib/libctru.a(os.o)
                              /opt/devkitpro/libctru/lib/libctru.a(syscalls.o) (osGetTime)
/opt/devkitpro/libctru/lib/libctru.a(srv.o)
                              /opt/devkitpro/libctru/lib/libctru.a(apt.o) (srvInit)
/opt/devkitpro/libctru/lib/libctru.a(synchronization.o)
                              /opt/devkitpro/libctru/lib/libctru.a(ctru_init.o) (__sync_init)
/opt/devkitpro/libctru/lib/libctru.a(thread.o)
                              /opt/devkitpro/libctru/lib/libctru.a(apt.o) (threadCreate)
/opt/devkitpro/libctru/lib/libctru.a(mappable.o)
                              /opt/devkitpro/libctru/lib/libctru.a(apt.o) (mappableAlloc)
/opt/devkitpro/libctru/lib/libctru.a(ptmsysm.o)
                              /opt/devkitpro/libctru/lib/libctru.a(os.o) (ptmSysmInit)
/opt/devkitpro/libctru/lib/libctru.a(srvpm.o)
                              /opt/devkitpro/libctru/lib/libctru.a(srv.o) (srvPmGetSessionHandle)
/opt/devkitpro/libctru/lib/libctru.a(soc_connect.o)
                              /opt/devkitpro/libctru/lib/libctru.a(3dslink.o) (connect)
/opt/devkitpro/libctru/lib/libctru.a(soc_socket.o)
                              /opt/devkitpro/libctru/lib/libctru.a(3dslink.o) (socket)
/opt/devkitpro/libctru/lib/libctru.a(rbtree_find.o)
                              /opt/devkitpro/libctru/lib/libctru.a(linear.o) (rbtree_find)
/opt/devkitpro/libctru/lib/libctru.a(rbtree_init.o)
                              /opt/devkitpro/libctru/lib/libctru.a(linear.o) (rbtree_init)
/opt/devkitpro/libctru/lib/libctru.a(rbtree_insert.o)
                              /opt/devkitpro/libctru/lib/libctru.a(linear.o) (rbtree_insert)
/opt/devkitpro/libctru/lib/libctru.a(rbtree_remove.o)
                              /opt/devkitpro/libctru/lib/libctru.a(linear.o) (rbtree_remove)
/opt/devkitpro/libctru/lib/libctru.a(rbtree_rotate.o)
                              /opt/devkitpro/libctru/lib/libctru.a(rbtree_insert.o) (rbtree_rotate)
/opt/devkitpro/libctru/lib/libctru.a(allocateHeaps.o)
                              /opt/devkitpro/libctru/lib/libctru.a(ctru_init.o) (__system_allocateHeaps)
/opt/devkitpro/libctru/lib/libctru.a(appExit.o)
                              /opt/devkitpro/libctru/lib/libctru.a(stack_adjust.o) (__appExit)
/opt/devkitpro/libctru/lib/libctru.a(appInit.o)
                              /opt/devkitpro/libctru/lib/libctru.a(stack_adjust.o) (__appInit)
/opt/devkitpro/libctru/lib/libctru.a(ctru_exit.o)
                              /opt/devkitpro/libctru/lib/libctru.a(stack_adjust.o) (__libctru_exit)
[...]
Memory Configuration

Name             Origin             Length             Attributes
*default*        0x00000000         0xffffffff

Linker script and memory map

                0x00000000                        __sync_synchronize = __sync_synchronize_dmb
                0x00100000                        PROVIDE (__start__ = 0x100000)
                0x00100000                        . = __start__

.text           0x00100000    0x16d34
 *(.crt0)
 .crt0          0x00100000       0x94 /opt/devkitpro/devkitARM/bin/../lib/gcc/arm-none-eabi/14.1.0/../../../../arm-none-eabi/lib/armv6k/fpu/3dsx_crt0.o
                0x00100000                _start
                0x00100008                __service_ptr
                0x0010000c                __apt_appid
                0x00100010                __heap_size
                0x00100014                __linear_heap_size
                0x00100018                __system_arglist
                0x0010001c                __system_runflags
 *(.init)
 .init          0x00100094        0xc /opt/devkitpro/devkitARM/bin/../lib/gcc/arm-none-eabi/14.1.0/armv6k/fpu/crti.o
                0x00100094                _init
 .init          0x001000a0        0xc /opt/devkitpro/devkitARM/bin/../lib/gcc/arm-none-eabi/14.1.0/armv6k/fpu/crtn.o
                0x001000ac                        . = ALIGN (0x4)
 *(.text)
 .text          0x001000ac      0x240 /opt/devkitpro/devkitARM/bin/../lib/gcc/arm-none-eabi/14.1.0/armv6k/fpu/libgcc.a(_divsi3.o)
                0x001000ac                __aeabi_idiv
                0x001000ac                __divsi3
                0x001002cc                __aeabi_idivmod
 .text          0x001002ec        0x4 /opt/devkitpro/devkitARM/bin/../lib/gcc/arm-none-eabi/14.1.0/armv6k/fpu/libgcc.a(_dvmd_tls.o)
                0x001002ec                __aeabi_ldiv0
                0x001002ec                __aeabi_idiv0
 .text          0x001002f0       0x3c /opt/devkitpro/devkitARM/bin/../lib/gcc/arm-none-eabi/14.1.0/armv6k/fpu/libgcc.a(_aeabi_uldivmod.o)
                0x001002f0                __aeabi_uldivmod
 *fill*         0x0010032c       0x14 
 .text          0x00100340      0x390 /opt/devkitpro/devkitARM/bin/../lib/gcc/arm-none-eabi/14.1.0/../../../../arm-none-eabi/lib/armv6k/fpu/libg.a(libc_a-strcmp.o)
                0x00100348                strcmp
 .text          0x001006d0      0x20c /opt/devkitpro/devkitARM/bin/../lib/gcc/arm-none-eabi/14.1.0/armv6k/fpu/libgcc.a(_udivsi3.o)
                0x001006d0                __udivsi3
                0x001006d0                __aeabi_uidiv
                0x001008bc                __aeabi_uidivmod
 *(.text.*)
 .text.__do_global_dtors_aux
                0x001008dc       0x40 /opt/devkitpro/devkitARM/bin/../lib/gcc/arm-none-eabi/14.1.0/armv6k/fpu/crtbegin.o
 .text.frame_dummy
                0x0010091c       0x2c /opt/devkitpro/devkitARM/bin/../lib/gcc/arm-none-eabi/14.1.0/armv6k/fpu/crtbegin.o
 .text.startup.main
                0x00100948       0x60 main.o
                0x00100948                main
 .text.consoleHandleColorEsc
                0x001009a8      0x51c /opt/devkitpro/libctru/lib/libctru.a(console.o)
 .text.consoleColorStateShift
                0x00100ec4       0xb8 /opt/devkitpro/libctru/lib/libctru.a(console.o)
 .text.consoleDrawChar
                0x00100f7c      0x1ac /opt/devkitpro/libctru/lib/libctru.a(console.o)
                0x00100f7c                consoleDrawChar
 .text.consolePrintChar
                0x00101128      0x124 /opt/devkitpro/libctru/lib/libctru.a(console.o)
                0x00101128                consolePrintChar
 .text.con_write
                0x0010124c      0x6f4 /opt/devkitpro/libctru/lib/libctru.a(console.o)
                0x0010124c                con_write
 .text.newRow   0x00101940       0xfc /opt/devkitpro/libctru/lib/libctru.a(console.o)
 .text.consoleInit
                0x00101a3c      0x18c /opt/devkitpro/libctru/lib/libctru.a(console.o)
                0x00101a3c                consoleInit
 .text.gfxPresentFramebuffer
                0x00101bc8       0xd0 /opt/devkitpro/libctru/lib/libctru.a(gfx.o)
 .text.gfxIsWide
                0x00101c98       0x1c /opt/devkitpro/libctru/lib/libctru.a(gfx.o)
                0x00101c98                gfxIsWide
 .text.gfxSetScreenFormat
                0x00101cb4       0xec /opt/devkitpro/libctru/lib/libctru.a(gfx.o)
                0x00101cb4                gfxSetScreenFormat
 .text.gfxSetDoubleBuffering
                0x00101da0       0x10 /opt/devkitpro/libctru/lib/libctru.a(gfx.o)
                0x00101da0                gfxSetDoubleBuffering
 .text.gfxInit  0x00101db0       0xe0 /opt/devkitpro/libctru/lib/libctru.a(gfx.o)
                0x00101db0                gfxInit
 .text.gfxInitDefault
                0x00101e90       0x10 /opt/devkitpro/libctru/lib/libctru.a(gfx.o)
                0x00101e90                gfxInitDefault
 .text.gfxExit  0x00101ea0       0xb4 /opt/devkitpro/libctru/lib/libctru.a(gfx.o)
                0x00101ea0                gfxExit
 .text.gfxGetFramebuffer
                0x00101f54       0xa0 /opt/devkitpro/libctru/lib/libctru.a(gfx.o)
                0x00101f54                gfxGetFramebuffer
 .text.gfxFlushBuffers
                0x00101ff4      0x104 /opt/devkitpro/libctru/lib/libctru.a(gfx.o)
                0x00101ff4                gfxFlushBuffers
 .text.gfxSwapBuffers
                0x001020f8       0x50 /opt/devkitpro/libctru/lib/libctru.a(gfx.o)
                0x001020f8                gfxSwapBuffers
 .text.gfxSwapBuffersGpu
                0x00102148       0x50 /opt/devkitpro/libctru/lib/libctru.a(gfx.o)
                0x00102148                gfxSwapBuffersGpu
 .text.aptConvertScreenForCapture
                0x00102198      0x1ac /opt/devkitpro/libctru/lib/libctru.a(apt.o)
 .text.aptDspSleep
                0x00102344        0x8 /opt/devkitpro/libctru/lib/libctru.a(apt.o)
                0x00102344                aptDspSleep
 .text.aptDspWakeup
                0x0010234c        0x4 /opt/devkitpro/libctru/lib/libctru.a(apt.o)
                0x0010234c                aptDspWakeup
 .text.aptDspCancel
                0x00102350        0x4 /opt/devkitpro/libctru/lib/libctru.a(apt.o)
                0x00102350                aptDspCancel
 .text.aptSendCommand
                0x00102354      0x158 /opt/devkitpro/libctru/lib/libctru.a(apt.o)
                0x00102354                aptSendCommand
 *fill*         0x001024ac        0x4 
 .text.aptExitProcess
                0x001024b0       0x44 /opt/devkitpro/libctru/lib/libctru.a(apt.o)
 .text.aptExit  0x001024f4      0x38c /opt/devkitpro/libctru/lib/libctru.a(apt.o)
                0x001024f4                aptExit
 .text.aptHandleSleep
                0x00102880       0xe0 /opt/devkitpro/libctru/lib/libctru.a(apt.o)
                0x00102880                aptHandleSleep
 .text.APT_SleepIfShellClosed
                0x00102960       0x84 /opt/devkitpro/libctru/lib/libctru.a(apt.o)
                0x00102960                APT_SleepIfShellClosed
 .text.aptSetSleepAllowed
                0x001029e4       0x84 /opt/devkitpro/libctru/lib/libctru.a(apt.o)
                0x001029e4                aptSetSleepAllowed
 .text.APT_UnlockTransition
                0x00102a68       0x84 /opt/devkitpro/libctru/lib/libctru.a(apt.o)
                0x00102a68                APT_UnlockTransition
 *fill*         0x00102aec        0x4 
 .text.aptEventHandler
                0x00102af0      0x4a4 /opt/devkitpro/libctru/lib/libctru.a(apt.o)
 .text.APT_ReceiveParameter
                0x00102f94       0xb0 /opt/devkitpro/libctru/lib/libctru.a(apt.o)
                0x00102f94                APT_ReceiveParameter
 .text.aptReceiveParameter.constprop.0
                0x00103044       0xac /opt/devkitpro/libctru/lib/libctru.a(apt.o)
 .text.aptScreenTransfer
                0x001030f0      0x2ac /opt/devkitpro/libctru/lib/libctru.a(apt.o)
 .text.aptWaitForWakeUp.isra.0
                0x0010339c      0x320 /opt/devkitpro/libctru/lib/libctru.a(apt.o)
 .text.aptJumpToHomeMenu
                0x001036bc       0xf8 /opt/devkitpro/libctru/lib/libctru.a(apt.o)
                0x001036bc                aptJumpToHomeMenu
 .text.aptMainLoop
                0x001037b4       0x48 /opt/devkitpro/libctru/lib/libctru.a(apt.o)
                0x001037b4                aptMainLoop
 .text.aptInit  0x001037fc      0x22c /opt/devkitpro/libctru/lib/libctru.a(apt.o)
                0x001037fc                aptInit
 .text.APT_CheckNew3DS
                0x00103a28       0x7c /opt/devkitpro/libctru/lib/libctru.a(apt.o)
                0x00103a28                APT_CheckNew3DS
 .text.gspHardwareInit
                0x00103aa4      0xc64 /opt/devkitpro/libctru/lib/libctru.a(gspgpu.o)
 .text.gspInit  0x00104708      0x248 /opt/devkitpro/libctru/lib/libctru.a(gspgpu.o)
                0x00104708                gspInit
 .text.gspExit  0x00104950       0xf0 /opt/devkitpro/libctru/lib/libctru.a(gspgpu.o)
                0x00104950                gspExit
 .text.gspHasGpuRight
                0x00104a40       0x10 /opt/devkitpro/libctru/lib/libctru.a(gspgpu.o)
                0x00104a40                gspHasGpuRight
 .text.gspPresentBuffer
                0x00104a50       0xa0 /opt/devkitpro/libctru/lib/libctru.a(gspgpu.o)
                0x00104a50                gspPresentBuffer
 .text.gspWaitForEvent
                0x00104af0       0x44 /opt/devkitpro/libctru/lib/libctru.a(gspgpu.o)
                0x00104af0                gspWaitForEvent
 .text.gxCmdQueueInterrupt
                0x00104b34        0x4 /opt/devkitpro/libctru/lib/libctru.a(gspgpu.o)
                0x00104b34                gxCmdQueueInterrupt
 .text.gspEventThreadMain
                0x00104b38      0x158 /opt/devkitpro/libctru/lib/libctru.a(gspgpu.o)
 .text.GSPGPU_FlushDataCache
                0x00104c90       0x50 /opt/devkitpro/libctru/lib/libctru.a(gspgpu.o)
                0x00104c90                GSPGPU_FlushDataCache
 .text.GSPGPU_SetLcdForceBlack
                0x00104ce0       0x34 /opt/devkitpro/libctru/lib/libctru.a(gspgpu.o)
                0x00104ce0                GSPGPU_SetLcdForceBlack
 .text.GSPGPU_AcquireRight
                0x00104d14       0x68 /opt/devkitpro/libctru/lib/libctru.a(gspgpu.o)
                0x00104d14                GSPGPU_AcquireRight
 .text.GSPGPU_ReleaseRight
                0x00104d7c       0x48 /opt/devkitpro/libctru/lib/libctru.a(gspgpu.o)
                0x00104d7c                GSPGPU_ReleaseRight
 .text.GSPGPU_ImportDisplayCaptureInfo
                0x00104dc4       0x7c /opt/devkitpro/libctru/lib/libctru.a(gspgpu.o)
                0x00104dc4                GSPGPU_ImportDisplayCaptureInfo
 .text.GSPGPU_SaveVramSysArea
                0x00104e40       0x2c /opt/devkitpro/libctru/lib/libctru.a(gspgpu.o)
                0x00104e40                GSPGPU_SaveVramSysArea
 .text.GSPGPU_RestoreVramSysArea
                0x00104e6c       0x2c /opt/devkitpro/libctru/lib/libctru.a(gspgpu.o)
                0x00104e6c                GSPGPU_RestoreVramSysArea
 .text.hidShouldUseIrrst
                0x00104e98       0x24 /opt/devkitpro/libctru/lib/libctru.a(hid.o)
                0x00104e98                hidShouldUseIrrst
 .text.hidInit  0x00104ebc      0x18c /opt/devkitpro/libctru/lib/libctru.a(hid.o)
                0x00104ebc                hidInit
 .text.hidExit  0x00105048       0xe8 /opt/devkitpro/libctru/lib/libctru.a(hid.o)
                0x00105048                hidExit
 .text.hidScanInput
                0x00105130      0x2a4 /opt/devkitpro/libctru/lib/libctru.a(hid.o)
                0x00105130                hidScanInput
 .text.hidKeysDown
                0x001053d4       0x10 /opt/devkitpro/libctru/lib/libctru.a(hid.o)
                0x001053d4                hidKeysDown
 .text.irrstInit
                0x001053e4      0x160 /opt/devkitpro/libctru/lib/libctru.a(irrst.o)
                0x001053e4                irrstInit
 .text.irrstExit
                0x00105544       0xcc /opt/devkitpro/libctru/lib/libctru.a(irrst.o)
                0x00105544                irrstExit
 .text.irrstScanInput
                0x00105610       0xb4 /opt/devkitpro/libctru/lib/libctru.a(irrst.o)
                0x00105610                irrstScanInput
 .text.irrstKeysHeld
                0x001056c4       0x24 /opt/devkitpro/libctru/lib/libctru.a(irrst.o)
                0x001056c4                irrstKeysHeld
 .text.__libctru_init
                0x001056e8       0x38 /opt/devkitpro/libctru/lib/libctru.a(ctru_init.o)
                0x001056e8                __libctru_init
 .text.__system_initArgv
                0x00105720      0x170 /opt/devkitpro/libctru/lib/libctru.a(initArgv.o)
                0x00105720                __system_initArgv
 .text.__syscall_getreent
                0x00105890       0x30 /opt/devkitpro/libctru/lib/libctru.a(syscalls.o)
                0x00105890                __syscall_getreent
 .text.__syscall_lock_acquire
                0x001058c0        0x4 /opt/devkitpro/libctru/lib/libctru.a(syscalls.o)
                0x001058c0                __syscall_lock_acquire
 .text.__syscall_lock_release
                0x001058c4        0x4 /opt/devkitpro/libctru/lib/libctru.a(syscalls.o)
                0x001058c4                __syscall_lock_release
 .text.__syscall_lock_acquire_recursive
                0x001058c8        0x4 /opt/devkitpro/libctru/lib/libctru.a(syscalls.o)
                0x001058c8                __syscall_lock_acquire_recursive
 .text.__syscall_lock_release_recursive
                0x001058cc        0x4 /opt/devkitpro/libctru/lib/libctru.a(syscalls.o)
                0x001058cc                __syscall_lock_release_recursive
 .text.__syscall_exit
                0x001058d0        0x4 /opt/devkitpro/libctru/lib/libctru.a(syscalls.o)
                0x001058d0                __syscall_exit
 .text.initThreadVars
                0x001058d4       0x50 /opt/devkitpro/libctru/lib/libctru.a(syscalls.o)
                0x001058d4                initThreadVars
 .text.__system_initSyscalls
                0x00105924       0x80 /opt/devkitpro/libctru/lib/libctru.a(syscalls.o)
                0x00105924                __system_initSyscalls
 .text.svcControlMemory
                0x001059a4       0x20 /opt/devkitpro/libctru/lib/libctru.a(svc.o)
                0x001059a4                svcControlMemory
 .text.svcQueryMemory
                0x001059c4       0x30 /opt/devkitpro/libctru/lib/libctru.a(svc.o)
                0x001059c4                svcQueryMemory
 .text.svcExitProcess
                0x001059f4        0x8 /opt/devkitpro/libctru/lib/libctru.a(svc.o)
                0x001059f4                svcExitProcess
 .text.svcCreateThread
                0x001059fc       0x20 /opt/devkitpro/libctru/lib/libctru.a(svc.o)
                0x001059fc                svcCreateThread
 .text.svcExitThread
                0x00105a1c        0x8 /opt/devkitpro/libctru/lib/libctru.a(svc.o)
                0x00105a1c                svcExitThread
 .text.svcSleepThread
                0x00105a24        0x8 /opt/devkitpro/libctru/lib/libctru.a(svc.o)
                0x00105a24                svcSleepThread
 .text.svcReleaseMutex
                0x00105a2c        0x8 /opt/devkitpro/libctru/lib/libctru.a(svc.o)
                0x00105a2c                svcReleaseMutex
 .text.svcCreateEvent
                0x00105a34       0x14 /opt/devkitpro/libctru/lib/libctru.a(svc.o)
                0x00105a34                svcCreateEvent
 .text.svcSignalEvent
                0x00105a48        0x8 /opt/devkitpro/libctru/lib/libctru.a(svc.o)
                0x00105a48                svcSignalEvent
 .text.svcClearEvent
                0x00105a50        0x8 /opt/devkitpro/libctru/lib/libctru.a(svc.o)
                0x00105a50                svcClearEvent
 .text.svcMapMemoryBlock
                0x00105a58        0x8 /opt/devkitpro/libctru/lib/libctru.a(svc.o)
                0x00105a58                svcMapMemoryBlock
 .text.svcUnmapMemoryBlock
                0x00105a60        0x8 /opt/devkitpro/libctru/lib/libctru.a(svc.o)
                0x00105a60                svcUnmapMemoryBlock
 .text.svcCreateAddressArbiter
                0x00105a68       0x14 /opt/devkitpro/libctru/lib/libctru.a(svc.o)
                0x00105a68                svcCreateAddressArbiter
 .text.svcArbitrateAddressNoTimeout
                0x00105a7c        0x8 /opt/devkitpro/libctru/lib/libctru.a(svc.o)
                0x00105a7c                svcArbitrateAddressNoTimeout
 .text.svcCloseHandle
                0x00105a84        0x8 /opt/devkitpro/libctru/lib/libctru.a(svc.o)
                0x00105a84                svcCloseHandle
 .text.svcWaitSynchronization
                0x00105a8c        0x8 /opt/devkitpro/libctru/lib/libctru.a(svc.o)
                0x00105a8c                svcWaitSynchronization
 .text.svcWaitSynchronizationN
                0x00105a94       0x28 /opt/devkitpro/libctru/lib/libctru.a(svc.o)
                0x00105a94                svcWaitSynchronizationN
 .text.svcDuplicateHandle
                0x00105abc       0x14 /opt/devkitpro/libctru/lib/libctru.a(svc.o)
                0x00105abc                svcDuplicateHandle
 .text.svcConnectToPort
                0x00105ad0       0x14 /opt/devkitpro/libctru/lib/libctru.a(svc.o)
                0x00105ad0                svcConnectToPort
 .text.svcSendSyncRequest
                0x00105ae4        0x8 /opt/devkitpro/libctru/lib/libctru.a(svc.o)
                0x00105ae4                svcSendSyncRequest
 .text.svcGetResourceLimit
                0x00105aec       0x14 /opt/devkitpro/libctru/lib/libctru.a(svc.o)
                0x00105aec                svcGetResourceLimit
 .text.svcGetResourceLimitLimitValues
                0x00105b00        0x8 /opt/devkitpro/libctru/lib/libctru.a(svc.o)
                0x00105b00                svcGetResourceLimitLimitValues
 .text.svcGetResourceLimitCurrentValues
                0x00105b08        0x8 /opt/devkitpro/libctru/lib/libctru.a(svc.o)
                0x00105b08                svcGetResourceLimitCurrentValues
 .text.svcBreak
                0x00105b10        0x8 /opt/devkitpro/libctru/lib/libctru.a(svc.o)
                0x00105b10                svcBreak
 .text.initSystem
                0x00105b18       0x50 /opt/devkitpro/libctru/lib/libctru.a(stack_adjust.o)
                0x00105b18                initSystem
 .text.__ctru_exit
                0x00105b68       0x14 /opt/devkitpro/libctru/lib/libctru.a(stack_adjust.o)
                0x00105b68                __ctru_exit
 .text._ZL21addrMapNodeComparatorPK11rbtree_nodeS1_
                0x00105b7c       0x24 /opt/devkitpro/libctru/lib/libctru.a(linear.o)
 .text._ZL21addrMapNodeDestructorP11rbtree_node
                0x00105ba0        0x4 /opt/devkitpro/libctru/lib/libctru.a(linear.o)
 .text.linearMemAlign
                0x00105ba4      0x120 /opt/devkitpro/libctru/lib/libctru.a(linear.o)
                0x00105ba4                linearMemAlign
 .text.linearAlloc
                0x00105cc4        0x8 /opt/devkitpro/libctru/lib/libctru.a(linear.o)
                0x00105cc4                linearAlloc
 .text.linearFree
                0x00105ccc       0x5c /opt/devkitpro/libctru/lib/libctru.a(linear.o)
                0x00105ccc                linearFree
 .text._ZN7MemPool13CoalesceRightEP8MemBlock
                0x00105d28       0x80 /opt/devkitpro/libctru/lib/libctru.a(mem_pool.o)
                0x00105d28                MemPool::CoalesceRight(MemBlock*)
 .text._ZN7MemPool8AllocateER8MemChunkmi
                0x00105da8      0x16c /opt/devkitpro/libctru/lib/libctru.a(mem_pool.o)
                0x00105da8                MemPool::Allocate(MemChunk&, unsigned long, int)
 .text._ZN7MemPool10DeallocateERK8MemChunk
                0x00105f14       0xfc /opt/devkitpro/libctru/lib/libctru.a(mem_pool.o)
                0x00105f14                MemPool::Deallocate(MemChunk const&)
 .text._ZN7MemPool12GetFreeSpaceEv
                0x00106010       0x30 /opt/devkitpro/libctru/lib/libctru.a(mem_pool.o)
                0x00106010                MemPool::GetFreeSpace()
 .text._ZL21addrMapNodeComparatorPK11rbtree_nodeS1_
                0x00106040       0x24 /opt/devkitpro/libctru/lib/libctru.a(vram.o)
 .text._ZL21addrMapNodeDestructorP11rbtree_node
                0x00106064        0x4 /opt/devkitpro/libctru/lib/libctru.a(vram.o)
 .text.vramMemAlignAt
                0x00106068      0x24c /opt/devkitpro/libctru/lib/libctru.a(vram.o)
                0x00106068                vramMemAlignAt
 .text.vramAlloc
                0x001062b4        0xc /opt/devkitpro/libctru/lib/libctru.a(vram.o)
                0x001062b4                vramAlloc
 .text.vramFree
                0x001062c0       0x90 /opt/devkitpro/libctru/lib/libctru.a(vram.o)
                0x001062c0                vramFree
 .text.envGetHandle
                0x00106350       0x84 /opt/devkitpro/libctru/lib/libctru.a(env.o)
                0x00106350                envGetHandle
 .text.envDestroyHandles
                0x001063d4       0x50 /opt/devkitpro/libctru/lib/libctru.a(env.o)
                0x001063d4                envDestroyHandles
 .text.__ctru_speedup_config
                0x00106424       0x34 /opt/devkitpro/libctru/lib/libctru.a(os.o)
                0x00106424                __ctru_speedup_config
 .text.srvInit  0x00106458      0x12c /opt/devkitpro/libctru/lib/libctru.a(srv.o)
                0x00106458                srvInit
 .text.srvExit  0x00106584       0x58 /opt/devkitpro/libctru/lib/libctru.a(srv.o)
                0x00106584                srvExit
 .text.srvEnableNotification
                0x001065dc       0x60 /opt/devkitpro/libctru/lib/libctru.a(srv.o)
                0x001065dc                srvEnableNotification
 .text.srvGetServiceHandleDirect
                0x0010663c       0xa0 /opt/devkitpro/libctru/lib/libctru.a(srv.o)
                0x0010663c                srvGetServiceHandleDirect
 .text.srvGetServiceHandle
                0x001066dc       0x38 /opt/devkitpro/libctru/lib/libctru.a(srv.o)
                0x001066dc                srvGetServiceHandle
 .text.srvSubscribe
                0x00106714       0x34 /opt/devkitpro/libctru/lib/libctru.a(srv.o)
                0x00106714                srvSubscribe
 .text.srvReceiveNotification
                0x00106748       0x60 /opt/devkitpro/libctru/lib/libctru.a(srv.o)
                0x00106748                srvReceiveNotification
 .text.srvPublishToSubscriber
                0x001067a8       0x38 /opt/devkitpro/libctru/lib/libctru.a(srv.o)
                0x001067a8                srvPublishToSubscriber
 .text.__sync_init
                0x001067e0        0xc /opt/devkitpro/libctru/lib/libctru.a(synchronization.o)
                0x001067e0                __sync_init
 .text.__sync_fini
                0x001067ec       0x18 /opt/devkitpro/libctru/lib/libctru.a(synchronization.o)
                0x001067ec                __sync_fini
 .text.syncArbitrateAddress
                0x00106804       0x2c /opt/devkitpro/libctru/lib/libctru.a(synchronization.o)
                0x00106804                syncArbitrateAddress
 .text.LightLock_Lock
                0x00106830       0xac /opt/devkitpro/libctru/lib/libctru.a(synchronization.o)
                0x00106830                LightLock_Lock
 .text.LightLock_Unlock
                0x001068dc       0x40 /opt/devkitpro/libctru/lib/libctru.a(synchronization.o)
                0x001068dc                LightLock_Unlock
 .text.RecursiveLock_Lock
                0x0010691c       0x30 /opt/devkitpro/libctru/lib/libctru.a(synchronization.o)
                0x0010691c                RecursiveLock_Lock
 .text.RecursiveLock_Unlock
                0x0010694c       0x54 /opt/devkitpro/libctru/lib/libctru.a(synchronization.o)
                0x0010694c                RecursiveLock_Unlock
 .text.LightEvent_Init
                0x001069a0       0x40 /opt/devkitpro/libctru/lib/libctru.a(synchronization.o)
                0x001069a0                LightEvent_Init
 .text.LightEvent_Clear
                0x001069e0       0xa4 /opt/devkitpro/libctru/lib/libctru.a(synchronization.o)
                0x001069e0                LightEvent_Clear
 .text.LightEvent_Signal
                0x00106a84       0xc8 /opt/devkitpro/libctru/lib/libctru.a(synchronization.o)
                0x00106a84                LightEvent_Signal
 .text.LightEvent_TryWait
                0x00106b4c       0x50 /opt/devkitpro/libctru/lib/libctru.a(synchronization.o)
                0x00106b4c                LightEvent_TryWait
 .text.LightEvent_Wait
                0x00106b9c       0xa0 /opt/devkitpro/libctru/lib/libctru.a(synchronization.o)
                0x00106b9c                LightEvent_Wait
 .text.threadCreate
                0x00106c3c      0x1d8 /opt/devkitpro/libctru/lib/libctru.a(thread.o)
                0x00106c3c                threadCreate
 .text.threadFree
                0x00106e14       0x2c /opt/devkitpro/libctru/lib/libctru.a(thread.o)
                0x00106e14                threadFree
 .text.threadJoin
                0x00106e40       0x24 /opt/devkitpro/libctru/lib/libctru.a(thread.o)
                0x00106e40                threadJoin
 .text.threadGetCurrent
                0x00106e64       0x30 /opt/devkitpro/libctru/lib/libctru.a(thread.o)
                0x00106e64                threadGetCurrent
 .text.threadExit
                0x00106e94       0x40 /opt/devkitpro/libctru/lib/libctru.a(thread.o)
                0x00106e94                threadExit
 .text._thread_begin
                0x00106ed4       0x20 /opt/devkitpro/libctru/lib/libctru.a(thread.o)
 .text.mappableFindAddressWithin
                0x00106ef4       0xb4 /opt/devkitpro/libctru/lib/libctru.a(mappable.o)
 .text.mappableInit
                0x00106fa8       0x28 /opt/devkitpro/libctru/lib/libctru.a(mappable.o)
                0x00106fa8                mappableInit
 .text.mappableAlloc
                0x00106fd0       0x80 /opt/devkitpro/libctru/lib/libctru.a(mappable.o)
                0x00106fd0                mappableAlloc
 .text.mappableFree
                0x00107050        0x4 /opt/devkitpro/libctru/lib/libctru.a(mappable.o)
                0x00107050                mappableFree
 .text.ptmSysmInit
                0x00107054       0x74 /opt/devkitpro/libctru/lib/libctru.a(ptmsysm.o)
                0x00107054                ptmSysmInit
 .text.ptmSysmExit
                0x001070c8       0x3c /opt/devkitpro/libctru/lib/libctru.a(ptmsysm.o)
                0x001070c8                ptmSysmExit
 .text.PTMSYSM_ConfigureNew3DSCPU
                0x00107104       0x34 /opt/devkitpro/libctru/lib/libctru.a(ptmsysm.o)
                0x00107104                PTMSYSM_ConfigureNew3DSCPU
 .text.srvPmGetSessionHandle
                0x00107138        0xc /opt/devkitpro/libctru/lib/libctru.a(srvpm.o)
                0x00107138                srvPmGetSessionHandle
 .text.rbtree_find
                0x00107144       0x74 /opt/devkitpro/libctru/lib/libctru.a(rbtree_find.o)
                0x00107144                rbtree_find
 .text.rbtree_init
                0x001071b8       0x10 /opt/devkitpro/libctru/lib/libctru.a(rbtree_init.o)
                0x001071b8                rbtree_init
 .text.do_insert
                0x001071c8      0x1b0 /opt/devkitpro/libctru/lib/libctru.a(rbtree_insert.o)
 .text.rbtree_insert
                0x00107378        0x8 /opt/devkitpro/libctru/lib/libctru.a(rbtree_insert.o)
                0x00107378                rbtree_insert
 .text.rbtree_remove
                0x00107380      0x318 /opt/devkitpro/libctru/lib/libctru.a(rbtree_remove.o)
                0x00107380                rbtree_remove
 .text.rbtree_rotate
                0x00107698       0x90 /opt/devkitpro/libctru/lib/libctru.a(rbtree_rotate.o)
                0x00107698                rbtree_rotate
 .text.__system_allocateHeaps
                0x00107728      0x1e0 /opt/devkitpro/libctru/lib/libctru.a(allocateHeaps.o)
                0x00107728                __system_allocateHeaps
 .text.__appExit
                0x00107908       0x30 /opt/devkitpro/libctru/lib/libctru.a(appExit.o)
                0x00107908                __appExit
 .text.__appInit
                0x00107938       0x30 /opt/devkitpro/libctru/lib/libctru.a(appInit.o)
                0x00107938                __appInit
 .text.__libctru_exit
                0x00107968       0x90 /opt/devkitpro/libctru/lib/libctru.a(ctru_exit.o)
                0x00107968                __libctru_exit
 .text.archive_link
                0x001079f8       0x14 /opt/devkitpro/libctru/lib/libctru.a(archive_dev.o)
 .text.archive_dirreset
                0x00107a0c       0x14 /opt/devkitpro/libctru/lib/libctru.a(archive_dev.o)
 .text.archive_chmod
                0x00107a20       0x14 /opt/devkitpro/libctru/lib/libctru.a(archive_dev.o)
 .text.error_cmp
                0x00107a34       0x24 /opt/devkitpro/libctru/lib/libctru.a(archive_dev.o)
 .text.archive_translate_error
                0x00107a58       0x50 /opt/devkitpro/libctru/lib/libctru.a(archive_dev.o)
 .text.archive_seek
                0x00107aa8       0xc8 /opt/devkitpro/libctru/lib/libctru.a(archive_dev.o)
 .text._archiveInit.part.0
                0x00107b70       0x7c /opt/devkitpro/libctru/lib/libctru.a(archive_dev.o)
 .text.archiveFindDevice.part.0
                0x00107bec       0xc4 /opt/devkitpro/libctru/lib/libctru.a(archive_dev.o)
 .text.archive_utf16path
                0x00107cb0      0x280 /opt/devkitpro/libctru/lib/libctru.a(archive_dev.o)
 .text._archiveUnmountDeviceStruct.part.0
                0x00107f30       0x9c /opt/devkitpro/libctru/lib/libctru.a(archive_dev.o)
 .text.archive_fchmod
                0x00107fcc       0x14 /opt/devkitpro/libctru/lib/libctru.a(archive_dev.o)
 .text.archive_statvfs
                0x00107fe0       0x14 /opt/devkitpro/libctru/lib/libctru.a(archive_dev.o)
 .text._archiveMountDevice
                0x00107ff4      0x164 /opt/devkitpro/libctru/lib/libctru.a(archive_dev.o)
 .text.archive_diropen
                0x00108158       0xe8 /opt/devkitpro/libctru/lib/libctru.a(archive_dev.o)
 .text.archive_fstat
                0x00108240       0xa4 /opt/devkitpro/libctru/lib/libctru.a(archive_dev.o)
 .text.archive_fsync
                0x001082e4       0x6c /opt/devkitpro/libctru/lib/libctru.a(archive_dev.o)
 .text.archive_close
                0x00108350       0x6c /opt/devkitpro/libctru/lib/libctru.a(archive_dev.o)
 .text.archive_dirclose
                0x001083bc       0x70 /opt/devkitpro/libctru/lib/libctru.a(archive_dev.o)
 .text.sdmc_statvfs
                0x0010842c       0xe8 /opt/devkitpro/libctru/lib/libctru.a(archive_dev.o)
 .text.archive_chdir
                0x00108514       0xec /opt/devkitpro/libctru/lib/libctru.a(archive_dev.o)
 .text.archive_ftruncate
                0x00108600       0x7c /opt/devkitpro/libctru/lib/libctru.a(archive_dev.o)
 .text.archive_read
                0x0010867c       0xac /opt/devkitpro/libctru/lib/libctru.a(archive_dev.o)
 .text.archive_unlink
                0x00108728       0xa4 /opt/devkitpro/libctru/lib/libctru.a(archive_dev.o)
 .text.archive_rmdir
                0x001087cc       0xbc /opt/devkitpro/libctru/lib/libctru.a(archive_dev.o)
 .text.archive_mkdir
                0x00108888       0xdc /opt/devkitpro/libctru/lib/libctru.a(archive_dev.o)
 .text.archive_stat
                0x00108964      0x194 /opt/devkitpro/libctru/lib/libctru.a(archive_dev.o)
 .text.archive_dirnext
                0x00108af8      0x160 /opt/devkitpro/libctru/lib/libctru.a(archive_dev.o)
 .text.archive_write
                0x00108c58      0x124 /opt/devkitpro/libctru/lib/libctru.a(archive_dev.o)
 .text.archive_open
                0x00108d7c      0x20c /opt/devkitpro/libctru/lib/libctru.a(archive_dev.o)
 .text.archive_rename
                0x00108f88      0x278 /opt/devkitpro/libctru/lib/libctru.a(archive_dev.o)
 .text.archiveMountSdmc
                0x00109200      0x19c /opt/devkitpro/libctru/lib/libctru.a(archive_dev.o)
                0x00109200                archiveMountSdmc
 .text.archiveUnmountAll
                0x0010939c       0x54 /opt/devkitpro/libctru/lib/libctru.a(archive_dev.o)
                0x0010939c                archiveUnmountAll
 .text.fsInit   0x001093f0       0xcc /opt/devkitpro/libctru/lib/libctru.a(fs.o)
                0x001093f0                fsInit
 .text.fsExit   0x001094bc       0x3c /opt/devkitpro/libctru/lib/libctru.a(fs.o)
                0x001094bc                fsExit
 .text.fsExemptFromSession
                0x001094f8       0x60 /opt/devkitpro/libctru/lib/libctru.a(fs.o)
                0x001094f8                fsExemptFromSession
 .text.fsUnexemptFromSession
                0x00109558       0x50 /opt/devkitpro/libctru/lib/libctru.a(fs.o)
                0x00109558                fsUnexemptFromSession
 .text.FSUSER_OpenFile
                0x001095a8       0xcc /opt/devkitpro/libctru/lib/libctru.a(fs.o)
                0x001095a8                FSUSER_OpenFile
 .text.FSUSER_DeleteFile
                0x00109674       0xbc /opt/devkitpro/libctru/lib/libctru.a(fs.o)
                0x00109674                FSUSER_DeleteFile
 .text.FSUSER_RenameFile
                0x00109730       0xf8 /opt/devkitpro/libctru/lib/libctru.a(fs.o)
                0x00109730                FSUSER_RenameFile
 .text.FSUSER_DeleteDirectory
                0x00109828       0xbc /opt/devkitpro/libctru/lib/libctru.a(fs.o)
                0x00109828                FSUSER_DeleteDirectory
 .text.FSUSER_CreateFile
                0x001098e4       0xd4 /opt/devkitpro/libctru/lib/libctru.a(fs.o)
                0x001098e4                FSUSER_CreateFile
 .text.FSUSER_CreateDirectory
                0x001099b8       0xc4 /opt/devkitpro/libctru/lib/libctru.a(fs.o)
                0x001099b8                FSUSER_CreateDirectory
 .text.FSUSER_RenameDirectory
                0x00109a7c       0xf8 /opt/devkitpro/libctru/lib/libctru.a(fs.o)
                0x00109a7c                FSUSER_RenameDirectory
 .text.FSUSER_OpenDirectory
                0x00109b74       0xb4 /opt/devkitpro/libctru/lib/libctru.a(fs.o)
                0x00109b74                FSUSER_OpenDirectory
 .text.FSUSER_OpenArchive
                0x00109c28       0x94 /opt/devkitpro/libctru/lib/libctru.a(fs.o)
                0x00109c28                FSUSER_OpenArchive
 .text.FSUSER_CloseArchive
                0x00109cbc       0x8c /opt/devkitpro/libctru/lib/libctru.a(fs.o)
                0x00109cbc                FSUSER_CloseArchive
 .text.FSUSER_GetSdmcArchiveResource
                0x00109d48       0x74 /opt/devkitpro/libctru/lib/libctru.a(fs.o)
                0x00109d48                FSUSER_GetSdmcArchiveResource
 .text.FSUSER_IsSdmcWritable
                0x00109dbc       0x64 /opt/devkitpro/libctru/lib/libctru.a(fs.o)
                0x00109dbc                FSUSER_IsSdmcWritable
 .text.FSFILE_Read
                0x00109e20       0x58 /opt/devkitpro/libctru/lib/libctru.a(fs.o)
                0x00109e20                FSFILE_Read
 .text.FSFILE_Write
                0x00109e78       0x60 /opt/devkitpro/libctru/lib/libctru.a(fs.o)
                0x00109e78                FSFILE_Write
 .text.FSFILE_GetSize
                0x00109ed8       0x38 /opt/devkitpro/libctru/lib/libctru.a(fs.o)
                0x00109ed8                FSFILE_GetSize
 .text.FSFILE_SetSize
                0x00109f10       0x28 /opt/devkitpro/libctru/lib/libctru.a(fs.o)
                0x00109f10                FSFILE_SetSize
 .text.FSFILE_Close
                0x00109f38       0x3c /opt/devkitpro/libctru/lib/libctru.a(fs.o)
                0x00109f38                FSFILE_Close
 .text.FSFILE_Flush
                0x00109f74       0x24 /opt/devkitpro/libctru/lib/libctru.a(fs.o)
                0x00109f74                FSFILE_Flush
 .text.FSDIR_Read
                0x00109f98       0x50 /opt/devkitpro/libctru/lib/libctru.a(fs.o)
                0x00109f98                FSDIR_Read
 .text.FSDIR_Close
                0x00109fe8       0x3c /opt/devkitpro/libctru/lib/libctru.a(fs.o)
                0x00109fe8                FSDIR_Close
 .text.rbtree_node_next
                0x0010a024       0x5c /opt/devkitpro/libctru/lib/libctru.a(rbtree_iterator.o)
                0x0010a024                rbtree_node_next
 .text.decode_utf8
                0x0010a080      0x13c /opt/devkitpro/libctru/lib/libctru.a(decode_utf8.o)
                0x0010a080                decode_utf8
 .text.utf16_to_utf8
                0x0010a1bc       0xe8 /opt/devkitpro/libctru/lib/libctru.a(utf16_to_utf8.o)
                0x0010a1bc                utf16_to_utf8
 .text.utf8_to_utf16
                0x0010a2a4       0xc0 /opt/devkitpro/libctru/lib/libctru.a(utf8_to_utf16.o)
                0x0010a2a4                utf8_to_utf16
 .text.__aeabi_read_tp
                0x0010a364        0xc /opt/devkitpro/libctru/lib/libctru.a(readtp.o)
                0x0010a364                __aeabi_read_tp
 .text.decode_utf16
                0x0010a370       0x64 /opt/devkitpro/libctru/lib/libctru.a(decode_utf16.o)
                0x0010a370                decode_utf16
 .text.encode_utf16
                0x0010a3d4       0x54 /opt/devkitpro/libctru/lib/libctru.a(encode_utf16.o)
                0x0010a3d4                encode_utf16
 .text.encode_utf8
                0x0010a428       0xe0 /opt/devkitpro/libctru/lib/libctru.a(encode_utf8.o)
                0x0010a428                encode_utf8
 .text.__udivmoddi4
                0x0010a508      0x120 /opt/devkitpro/devkitARM/bin/../lib/gcc/arm-none-eabi/14.1.0/armv6k/fpu/libgcc.a(_udivmoddi4.o)
                0x0010a508                __udivmoddi4
 .text.strncmp  0x0010a628       0xd8 /opt/devkitpro/devkitARM/bin/../lib/gcc/arm-none-eabi/14.1.0/../../../../arm-none-eabi/lib/armv6k/fpu/libg.a(libc_a-strncmp.o)
                0x0010a628                strncmp
 .text.strlen   0x0010a700       0x5c /opt/devkitpro/devkitARM/bin/../lib/gcc/arm-none-eabi/14.1.0/../../../../arm-none-eabi/lib/armv6k/fpu/libg.a(libc_a-strlen-stub.o)
                0x0010a700                strlen
 .text._strtoul_l.isra.0
                0x0010a75c      0x1e4 /opt/devkitpro/devkitARM/bin/../lib/gcc/arm-none-eabi/14.1.0/../../../../arm-none-eabi/lib/armv6k/fpu/libg.a(libc_a-strtoul.o)
 .text.strtoul  0x0010a940       0x34 /opt/devkitpro/devkitARM/bin/../lib/gcc/arm-none-eabi/14.1.0/../../../../arm-none-eabi/lib/armv6k/fpu/libg.a(libc_a-strtoul.o)
                0x0010a940                strtoul
 .text.strncat  0x0010a974       0xe4 /opt/devkitpro/devkitARM/bin/../lib/gcc/arm-none-eabi/14.1.0/../../../../arm-none-eabi/lib/armv6k/fpu/libg.a(libc_a-strncat.o)
                0x0010a974                strncat
 .text.bsearch  0x0010aa58       0x78 /opt/devkitpro/devkitARM/bin/../lib/gcc/arm-none-eabi/14.1.0/../../../../arm-none-eabi/lib/armv6k/fpu/libg.a(libc_a-bsearch.o)
                0x0010aa58                bsearch
 .text.memalign
                0x0010aad0       0x20 /opt/devkitpro/devkitARM/bin/../lib/gcc/arm-none-eabi/14.1.0/../../../../arm-none-eabi/lib/armv6k/fpu/libg.a(libc_a-malign.o)
                0x0010aad0                memalign
 .text.stdio_exit_handler
                0x0010aaf0       0x1c /opt/devkitpro/devkitARM/bin/../lib/gcc/arm-none-eabi/14.1.0/../../../../arm-none-eabi/lib/armv6k/fpu/libg.a(libc_a-findfp.o)
 .text.cleanup_stdio
                0x0010ab0c       0x5c /opt/devkitpro/devkitARM/bin/../lib/gcc/arm-none-eabi/14.1.0/../../../../arm-none-eabi/lib/armv6k/fpu/libg.a(libc_a-findfp.o)
 .text.global_stdio_init.part.0
                0x0010ab68      0x154 /opt/devkitpro/devkitARM/bin/../lib/gcc/arm-none-eabi/14.1.0/../../../../arm-none-eabi/lib/armv6k/fpu/libg.a(libc_a-findfp.o)
 .text.__sinit  0x0010acbc       0x5c /opt/devkitpro/devkitARM/bin/../lib/gcc/arm-none-eabi/14.1.0/../../../../arm-none-eabi/lib/armv6k/fpu/libg.a(libc_a-findfp.o)
                0x0010acbc                __sinit
 .text.__sfp_lock_acquire
                0x0010ad18        0xc /opt/devkitpro/devkitARM/bin/../lib/gcc/arm-none-eabi/14.1.0/../../../../arm-none-eabi/lib/armv6k/fpu/libg.a(libc_a-findfp.o)
                0x0010ad18                __sfp_lock_acquire
 .text.__sfp_lock_release
                0x0010ad24        0xc /opt/devkitpro/devkitARM/bin/../lib/gcc/arm-none-eabi/14.1.0/../../../../arm-none-eabi/lib/armv6k/fpu/libg.a(libc_a-findfp.o)
                0x0010ad24                __sfp_lock_release
 .text._malloc_r
                0x0010ad30      0x7e8 /opt/devkitpro/devkitARM/bin/../lib/gcc/arm-none-eabi/14.1.0/../../../../arm-none-eabi/lib/armv6k/fpu/libg.a(libc_a-mallocr.o)
                0x0010ad30                _malloc_r
 .text._malloc_trim_r
                0x0010b518       0xf8 /opt/devkitpro/devkitARM/bin/../lib/gcc/arm-none-eabi/14.1.0/../../../../arm-none-eabi/lib/armv6k/fpu/libg.a(libc_a-freer.o)
                0x0010b518                _malloc_trim_r
 .text._free_r  0x0010b610      0x300 /opt/devkitpro/devkitARM/bin/../lib/gcc/arm-none-eabi/14.1.0/../../../../arm-none-eabi/lib/armv6k/fpu/libg.a(libc_a-freer.o)
                0x0010b610                _free_r
 .text.setvbuf  0x0010b910      0x294 /opt/devkitpro/devkitARM/bin/../lib/gcc/arm-none-eabi/14.1.0/../../../../arm-none-eabi/lib/armv6k/fpu/libg.a(libc_a-setvbuf.o)
                0x0010b910                setvbuf
 .text.strnlen  0x0010bba4       0x4c /opt/devkitpro/devkitARM/bin/../lib/gcc/arm-none-eabi/14.1.0/../../../../arm-none-eabi/lib/armv6k/fpu/libg.a(libc_a-strnlen.o)
                0x0010bba4                strnlen
 .text.__errno  0x0010bbf0        0xc /opt/devkitpro/devkitARM/bin/../lib/gcc/arm-none-eabi/14.1.0/../../../../arm-none-eabi/lib/armv6k/fpu/libg.a(libc_a-errno.o)
                0x0010bbf0                __errno
 .text.malloc   0x0010bbfc       0x34 /opt/devkitpro/devkitARM/bin/../lib/gcc/arm-none-eabi/14.1.0/../../../../arm-none-eabi/lib/armv6k/fpu/libg.a(libc_a-malloc.o)
                0x0010bbfc                malloc
 .text.free     0x0010bc30       0x18 /opt/devkitpro/devkitARM/bin/../lib/gcc/arm-none-eabi/14.1.0/../../../../arm-none-eabi/lib/armv6k/fpu/libg.a(libc_a-malloc.o)
                0x0010bc30                free
 .text.memcpy   0x0010bc48      0x130 /opt/devkitpro/devkitARM/bin/../lib/gcc/arm-none-eabi/14.1.0/../../../../arm-none-eabi/lib/armv6k/fpu/libg.a(libc_a-memcpy-stub.o)
                0x0010bc48                memcpy
 .text.printf   0x0010bd78       0x34 /opt/devkitpro/devkitARM/bin/../lib/gcc/arm-none-eabi/14.1.0/../../../../arm-none-eabi/lib/armv6k/fpu/libg.a(libc_a-printf.o)
                0x0010bd78                printf
 .text.memset   0x0010bdac       0xe8 /opt/devkitpro/devkitARM/bin/../lib/gcc/arm-none-eabi/14.1.0/../../../../arm-none-eabi/lib/armv6k/fpu/libg.a(libc_a-memset.o)
                0x0010bdac                memset
 .text._fwalk_sglue
                0x0010be94       0x70 /opt/devkitpro/devkitARM/bin/../lib/gcc/arm-none-eabi/14.1.0/../../../../arm-none-eabi/lib/armv6k/fpu/libg.a(libc_a-fwalk.o)
                0x0010be94                _fwalk_sglue
 .text.__malloc_lock
                0x0010bf04        0xc /opt/devkitpro/devkitARM/bin/../lib/gcc/arm-none-eabi/14.1.0/../../../../arm-none-eabi/lib/armv6k/fpu/libg.a(libc_a-mlock.o)
                0x0010bf04                __malloc_lock
 .text.__malloc_unlock
                0x0010bf10        0xc /opt/devkitpro/devkitARM/bin/../lib/gcc/arm-none-eabi/14.1.0/../../../../arm-none-eabi/lib/armv6k/fpu/libg.a(libc_a-mlock.o)
                0x0010bf10                __malloc_unlock
 .text.__call_exitprocs
                0x0010bf1c        0x4 /opt/devkitpro/devkitARM/bin/../lib/gcc/arm-none-eabi/14.1.0/../../../../arm-none-eabi/lib/armv6k/fpu/libg.a(libc_a-exit.o)
                0x0010bf1c                __call_exitprocs
 .text.exit     0x0010bf20       0x30 /opt/devkitpro/devkitARM/bin/../lib/gcc/arm-none-eabi/14.1.0/../../../../arm-none-eabi/lib/armv6k/fpu/libg.a(libc_a-exit.o)
                0x0010bf20                exit
 .text.strncpy  0x0010bf50       0xc4 /opt/devkitpro/devkitARM/bin/../lib/gcc/arm-none-eabi/14.1.0/../../../../arm-none-eabi/lib/armv6k/fpu/libg.a(libc_a-strncpy.o)
                0x0010bf50                strncpy
 .text.__libc_init_array
                0x0010c014       0x84 /opt/devkitpro/devkitARM/bin/../lib/gcc/arm-none-eabi/14.1.0/../../../../arm-none-eabi/lib/armv6k/fpu/libg.a(libc_a-init.o)
                0x0010c014                __libc_init_array
 .text.__sflush_r
                0x0010c098      0x228 /opt/devkitpro/devkitARM/bin/../lib/gcc/arm-none-eabi/14.1.0/../../../../arm-none-eabi/lib/armv6k/fpu/libg.a(libc_a-fflush.o)
                0x0010c098                __sflush_r
 .text._fflush_r
                0x0010c2c0       0x94 /opt/devkitpro/devkitARM/bin/../lib/gcc/arm-none-eabi/14.1.0/../../../../arm-none-eabi/lib/armv6k/fpu/libg.a(libc_a-fflush.o)
                0x0010c2c0                _fflush_r
 .text._memalign_r
                0x0010c354      0x150 /opt/devkitpro/devkitARM/bin/../lib/gcc/arm-none-eabi/14.1.0/../../../../arm-none-eabi/lib/armv6k/fpu/libg.a(libc_a-malignr.o)
                0x0010c354                _memalign_r
 .text.__libc_fini_array
                0x0010c4a4       0x3c /opt/devkitpro/devkitARM/bin/../lib/gcc/arm-none-eabi/14.1.0/../../../../arm-none-eabi/lib/armv6k/fpu/libg.a(libc_a-fini.o)
                0x0010c4a4                __libc_fini_array
 .text.__sread  0x0010c4e0       0x44 /opt/devkitpro/devkitARM/bin/../lib/gcc/arm-none-eabi/14.1.0/../../../../arm-none-eabi/lib/armv6k/fpu/libg.a(libc_a-stdio.o)
                0x0010c4e0                __sread
 .text.__swrite
                0x0010c524       0x68 /opt/devkitpro/devkitARM/bin/../lib/gcc/arm-none-eabi/14.1.0/../../../../arm-none-eabi/lib/armv6k/fpu/libg.a(libc_a-stdio.o)
                0x0010c524                __swrite
 .text.__sseek  0x0010c58c       0x40 /opt/devkitpro/devkitARM/bin/../lib/gcc/arm-none-eabi/14.1.0/../../../../arm-none-eabi/lib/armv6k/fpu/libg.a(libc_a-stdio.o)
                0x0010c58c                __sseek
 .text.__sclose
                0x0010c5cc        0x8 /opt/devkitpro/devkitARM/bin/../lib/gcc/arm-none-eabi/14.1.0/../../../../arm-none-eabi/lib/armv6k/fpu/libg.a(libc_a-stdio.o)
                0x0010c5cc                __sclose
 .text._fclose_r
                0x0010c5d4      0x148 /opt/devkitpro/devkitARM/bin/../lib/gcc/arm-none-eabi/14.1.0/../../../../arm-none-eabi/lib/armv6k/fpu/libg.a(libc_a-fclose.o)
                0x0010c5d4                _fclose_r
 .text.get_arg  0x0010c71c      0x5e4 /opt/devkitpro/devkitARM/bin/../lib/gcc/arm-none-eabi/14.1.0/../../../../arm-none-eabi/lib/armv6k/fpu/libg.a(libc_a-vfprintf.o)
 .text._vfprintf_r
                0x0010cd00     0x3330 /opt/devkitpro/devkitARM/bin/../lib/gcc/arm-none-eabi/14.1.0/../../../../arm-none-eabi/lib/armv6k/fpu/libg.a(libc_a-vfprintf.o)
                0x0010cd00                _vfprintf_r
 .text.__sbprintf
                0x00110030       0xb8 /opt/devkitpro/devkitARM/bin/../lib/gcc/arm-none-eabi/14.1.0/../../../../arm-none-eabi/lib/armv6k/fpu/libg.a(libc_a-vfprintf.o)
 .text.__smakebuf_r
                0x001100e8      0x144 /opt/devkitpro/devkitARM/bin/../lib/gcc/arm-none-eabi/14.1.0/../../../../arm-none-eabi/lib/armv6k/fpu/libg.a(libc_a-makebuf.o)
                0x001100e8                __smakebuf_r
 .text.__swhatbuf_r
                0x0011022c       0x8c /opt/devkitpro/devkitARM/bin/../lib/gcc/arm-none-eabi/14.1.0/../../../../arm-none-eabi/lib/armv6k/fpu/libg.a(libc_a-makebuf.o)
                0x0011022c                __swhatbuf_r
 .text.quorem   0x001102b8      0x1b4 /opt/devkitpro/devkitARM/bin/../lib/gcc/arm-none-eabi/14.1.0/../../../../arm-none-eabi/lib/armv6k/fpu/libg.a(libc_a-dtoa.o)
 *fill*         0x0011046c        0x4 
 .text._dtoa_r  0x00110470     0x1370 /opt/devkitpro/devkitARM/bin/../lib/gcc/arm-none-eabi/14.1.0/../../../../arm-none-eabi/lib/armv6k/fpu/libg.a(libc_a-dtoa.o)
                0x00110470                _dtoa_r
 .text._wcrtomb_r
                0x001117e0       0xa0 /opt/devkitpro/devkitARM/bin/../lib/gcc/arm-none-eabi/14.1.0/../../../../arm-none-eabi/lib/armv6k/fpu/libg.a(libc_a-wcrtomb.o)
                0x001117e0                _wcrtomb_r
 .text._wcsrtombs_r
                0x00111880       0x28 /opt/devkitpro/devkitARM/bin/../lib/gcc/arm-none-eabi/14.1.0/../../../../arm-none-eabi/lib/armv6k/fpu/libg.a(libc_a-wcsrtombs.o)
                0x00111880                _wcsrtombs_r
 .text.__swsetup_r
                0x001118a8      0x194 /opt/devkitpro/devkitARM/bin/../lib/gcc/arm-none-eabi/14.1.0/../../../../arm-none-eabi/lib/armv6k/fpu/libg.a(libc_a-wsetup.o)
                0x001118a8                __swsetup_r
 *fill*         0x00111a3c        0x4 
 .text.frexp    0x00111a40       0x88 /opt/devkitpro/devkitARM/bin/../lib/gcc/arm-none-eabi/14.1.0/../../../../arm-none-eabi/lib/armv6k/fpu/libg.a(libm_a-s_frexp.o)
                0x00111a40                frexp
 .text.__assert_func
                0x00111ac8       0x5c /opt/devkitpro/devkitARM/bin/../lib/gcc/arm-none-eabi/14.1.0/../../../../arm-none-eabi/lib/armv6k/fpu/libg.a(libc_a-assert.o)
                0x00111ac8                __assert_func
 .text._Balloc  0x00111b24       0x88 /opt/devkitpro/devkitARM/bin/../lib/gcc/arm-none-eabi/14.1.0/../../../../arm-none-eabi/lib/armv6k/fpu/libg.a(libc_a-mprec.o)
                0x00111b24                _Balloc
 .text._Bfree   0x00111bac       0x1c /opt/devkitpro/devkitARM/bin/../lib/gcc/arm-none-eabi/14.1.0/../../../../arm-none-eabi/lib/armv6k/fpu/libg.a(libc_a-mprec.o)
                0x00111bac                _Bfree
 .text.__multadd
                0x00111bc8       0xf4 /opt/devkitpro/devkitARM/bin/../lib/gcc/arm-none-eabi/14.1.0/../../../../arm-none-eabi/lib/armv6k/fpu/libg.a(libc_a-mprec.o)
                0x00111bc8                __multadd
 .text.__hi0bits
                0x00111cbc       0x80 /opt/devkitpro/devkitARM/bin/../lib/gcc/arm-none-eabi/14.1.0/../../../../arm-none-eabi/lib/armv6k/fpu/libg.a(libc_a-mprec.o)
                0x00111cbc                __hi0bits
 .text.__lo0bits
                0x00111d3c       0xf4 /opt/devkitpro/devkitARM/bin/../lib/gcc/arm-none-eabi/14.1.0/../../../../arm-none-eabi/lib/armv6k/fpu/libg.a(libc_a-mprec.o)
                0x00111d3c                __lo0bits
 .text.__i2b    0x00111e30       0xa4 /opt/devkitpro/devkitARM/bin/../lib/gcc/arm-none-eabi/14.1.0/../../../../arm-none-eabi/lib/armv6k/fpu/libg.a(libc_a-mprec.o)
                0x00111e30                __i2b
 .text.__multiply
                0x00111ed4      0x208 /opt/devkitpro/devkitARM/bin/../lib/gcc/arm-none-eabi/14.1.0/../../../../arm-none-eabi/lib/armv6k/fpu/libg.a(libc_a-mprec.o)
                0x00111ed4                __multiply
 .text.__pow5mult
                0x001120dc      0x130 /opt/devkitpro/devkitARM/bin/../lib/gcc/arm-none-eabi/14.1.0/../../../../arm-none-eabi/lib/armv6k/fpu/libg.a(libc_a-mprec.o)
                0x001120dc                __pow5mult
 .text.__lshift
                0x0011220c      0x138 /opt/devkitpro/devkitARM/bin/../lib/gcc/arm-none-eabi/14.1.0/../../../../arm-none-eabi/lib/armv6k/fpu/libg.a(libc_a-mprec.o)
                0x0011220c                __lshift
 .text.__mcmp   0x00112344       0x58 /opt/devkitpro/devkitARM/bin/../lib/gcc/arm-none-eabi/14.1.0/../../../../arm-none-eabi/lib/armv6k/fpu/libg.a(libc_a-mprec.o)
                0x00112344                __mcmp
 .text.__mdiff  0x0011239c      0x1f0 /opt/devkitpro/devkitARM/bin/../lib/gcc/arm-none-eabi/14.1.0/../../../../arm-none-eabi/lib/armv6k/fpu/libg.a(libc_a-mprec.o)
                0x0011239c                __mdiff
 .text.__d2b    0x0011258c      0x120 /opt/devkitpro/devkitARM/bin/../lib/gcc/arm-none-eabi/14.1.0/../../../../arm-none-eabi/lib/armv6k/fpu/libg.a(libc_a-mprec.o)
                0x0011258c                __d2b
 .text.__locale_mb_cur_max
                0x001126ac       0x24 /opt/devkitpro/devkitARM/bin/../lib/gcc/arm-none-eabi/14.1.0/../../../../arm-none-eabi/lib/armv6k/fpu/libg.a(libc_a-locale.o)
                0x001126ac                __locale_mb_cur_max
 .text.fiprintf
                0x001126d0       0x3c /opt/devkitpro/devkitARM/bin/../lib/gcc/arm-none-eabi/14.1.0/../../../../arm-none-eabi/lib/armv6k/fpu/libg.a(libc_a-fiprintf.o)
                0x001126d0                fiprintf
 .text.memchr   0x0011270c       0xe0 /opt/devkitpro/devkitARM/bin/../lib/gcc/arm-none-eabi/14.1.0/../../../../arm-none-eabi/lib/armv6k/fpu/libg.a(libc_a-memchr-stub.o)
                0x0011270c                memchr
 .text._wcsnrtombs_l
                0x001127ec      0x160 /opt/devkitpro/devkitARM/bin/../lib/gcc/arm-none-eabi/14.1.0/../../../../arm-none-eabi/lib/armv6k/fpu/libg.a(libc_a-wcsnrtombs.o)
                0x001127ec                _wcsnrtombs_l
 .text._wcsnrtombs_r
                0x0011294c       0x64 /opt/devkitpro/devkitARM/bin/../lib/gcc/arm-none-eabi/14.1.0/../../../../arm-none-eabi/lib/armv6k/fpu/libg.a(libc_a-wcsnrtombs.o)
                0x0011294c                _wcsnrtombs_r
 .text.__utf8_mbtowc
                0x001129b0      0x324 /opt/devkitpro/devkitARM/bin/../lib/gcc/arm-none-eabi/14.1.0/../../../../arm-none-eabi/lib/armv6k/fpu/libg.a(libc_a-mbtowc_r.o)
                0x001129b0                __utf8_mbtowc
 .text.__sprint_r
                0x00112cd4       0x30 /opt/devkitpro/devkitARM/bin/../lib/gcc/arm-none-eabi/14.1.0/../../../../arm-none-eabi/lib/armv6k/fpu/libg.a(libc_a-sprint_r.o)
                0x00112cd4                __sprint_r
 .text.abort    0x00112d04       0x14 /opt/devkitpro/devkitARM/bin/../lib/gcc/arm-none-eabi/14.1.0/../../../../arm-none-eabi/lib/armv6k/fpu/libg.a(libc_a-abort.o)
                0x00112d04                abort
 .text._localeconv_r
                0x00112d18       0x24 /opt/devkitpro/devkitARM/bin/../lib/gcc/arm-none-eabi/14.1.0/../../../../arm-none-eabi/lib/armv6k/fpu/libg.a(libc_a-localeconv.o)
                0x00112d18                _localeconv_r
 .text._calloc_r
                0x00112d3c       0xc0 /opt/devkitpro/devkitARM/bin/../lib/gcc/arm-none-eabi/14.1.0/../../../../arm-none-eabi/lib/armv6k/fpu/libg.a(libc_a-callocr.o)
                0x00112d3c                _calloc_r
 .text.__utf8_wctomb
                0x00112dfc       0xf0 /opt/devkitpro/devkitARM/bin/../lib/gcc/arm-none-eabi/14.1.0/../../../../arm-none-eabi/lib/armv6k/fpu/libg.a(libc_a-wctomb_r.o)
                0x00112dfc                __utf8_wctomb
 .text.strchr   0x00112eec      0x130 /opt/devkitpro/devkitARM/bin/../lib/gcc/arm-none-eabi/14.1.0/../../../../arm-none-eabi/lib/armv6k/fpu/libg.a(libc_a-strchr.o)
                0x00112eec                strchr
 .text.memmove  0x0011301c      0x160 /opt/devkitpro/devkitARM/bin/../lib/gcc/arm-none-eabi/14.1.0/../../../../arm-none-eabi/lib/armv6k/fpu/libg.a(libc_a-memmove.o)
                0x0011301c                memmove
 .text._raise_r
                0x0011317c       0x90 /opt/devkitpro/devkitARM/bin/../lib/gcc/arm-none-eabi/14.1.0/../../../../arm-none-eabi/lib/armv6k/fpu/libg.a(libc_a-signal.o)
                0x0011317c                _raise_r
 .text.raise    0x0011320c       0x18 /opt/devkitpro/devkitARM/bin/../lib/gcc/arm-none-eabi/14.1.0/../../../../arm-none-eabi/lib/armv6k/fpu/libg.a(libc_a-signal.o)
                0x0011320c                raise
 .text.__sfvwrite_r
                0x00113224      0x480 /opt/devkitpro/devkitARM/bin/../lib/gcc/arm-none-eabi/14.1.0/../../../../arm-none-eabi/lib/armv6k/fpu/libg.a(libc_a-fvwrite.o)
                0x00113224                __sfvwrite_r
 .text.get_arg  0x001136a4      0x5e4 /opt/devkitpro/devkitARM/bin/../lib/gcc/arm-none-eabi/14.1.0/../../../../arm-none-eabi/lib/armv6k/fpu/libg.a(libc_a-vfiprintf.o)
 .text._vfiprintf_r
                0x00113c88     0x2168 /opt/devkitpro/devkitARM/bin/../lib/gcc/arm-none-eabi/14.1.0/../../../../arm-none-eabi/lib/armv6k/fpu/libg.a(libc_a-vfiprintf.o)
                0x00113c88                _vfiprintf_r
 .text.__sbprintf
                0x00115df0       0xb8 /opt/devkitpro/devkitARM/bin/../lib/gcc/arm-none-eabi/14.1.0/../../../../arm-none-eabi/lib/armv6k/fpu/libg.a(libc_a-vfiprintf.o)
 .text._realloc_r
                0x00115ea8      0x4a4 /opt/devkitpro/devkitARM/bin/../lib/gcc/arm-none-eabi/14.1.0/../../../../arm-none-eabi/lib/armv6k/fpu/libg.a(libc_a-reallocr.o)
                0x00115ea8                _realloc_r
 .text._exit    0x0011634c       0x20 /opt/devkitpro/devkitARM/bin/../lib/gcc/arm-none-eabi/14.1.0/../../../../arm-none-eabi/lib/armv6k/fpu/libsysbase.a(libsysbase_libsysbase_a-_exit.o)
                0x0011634c                _exit
 .text.chdir    0x0011636c      0x13c /opt/devkitpro/devkitARM/bin/../lib/gcc/arm-none-eabi/14.1.0/../../../../arm-none-eabi/lib/armv6k/fpu/libsysbase.a(libsysbase_libsysbase_a-chdir.o)
                0x0011636c                chdir
 .text._concatenate_path
                0x001164a8      0x1cc /opt/devkitpro/devkitARM/bin/../lib/gcc/arm-none-eabi/14.1.0/../../../../arm-none-eabi/lib/armv6k/fpu/libsysbase.a(libsysbase_libsysbase_a-concatenate.o)
                0x001164a8                _concatenate_path
 .text._fstat_r
                0x00116674       0x88 /opt/devkitpro/devkitARM/bin/../lib/gcc/arm-none-eabi/14.1.0/../../../../arm-none-eabi/lib/armv6k/fpu/libsysbase.a(libsysbase_libsysbase_a-fstat.o)
                0x00116674                _fstat_r
 .text._getpid_r
                0x001166fc       0x14 /opt/devkitpro/devkitARM/bin/../lib/gcc/arm-none-eabi/14.1.0/../../../../arm-none-eabi/lib/armv6k/fpu/libsysbase.a(libsysbase_libsysbase_a-getpid.o)
                0x001166fc                _getpid_r
 .text.__getreent
                0x00116710       0x2c /opt/devkitpro/devkitARM/bin/../lib/gcc/arm-none-eabi/14.1.0/../../../../arm-none-eabi/lib/armv6k/fpu/libsysbase.a(libsysbase_libsysbase_a-getreent.o)
                0x00116710                __getreent
 .text.__get_handle
                0x0011673c       0x3c /opt/devkitpro/devkitARM/bin/../lib/gcc/arm-none-eabi/14.1.0/../../../../arm-none-eabi/lib/armv6k/fpu/libsysbase.a(libsysbase_libsysbase_a-handle_manager.o)
                0x0011673c                __get_handle
 .text._close_r
                0x00116778       0xf4 /opt/devkitpro/devkitARM/bin/../lib/gcc/arm-none-eabi/14.1.0/../../../../arm-none-eabi/lib/armv6k/fpu/libsysbase.a(libsysbase_libsysbase_a-handle_manager.o)
                0x00116778                _close_r
 .text.null_write
                0x0011686c        0x8 /opt/devkitpro/devkitARM/bin/../lib/gcc/arm-none-eabi/14.1.0/../../../../arm-none-eabi/lib/armv6k/fpu/libsysbase.a(libsysbase_libsysbase_a-iosupport.o)
 .text.setDefaultDevice
                0x00116874       0x18 /opt/devkitpro/devkitARM/bin/../lib/gcc/arm-none-eabi/14.1.0/../../../../arm-none-eabi/lib/armv6k/fpu/libsysbase.a(libsysbase_libsysbase_a-iosupport.o)
                0x00116874                setDefaultDevice
 .text.FindDevice
                0x0011688c       0xc8 /opt/devkitpro/devkitARM/bin/../lib/gcc/arm-none-eabi/14.1.0/../../../../arm-none-eabi/lib/armv6k/fpu/libsysbase.a(libsysbase_libsysbase_a-iosupport.o)
                0x0011688c                FindDevice
 .text.RemoveDevice
                0x00116954       0x28 /opt/devkitpro/devkitARM/bin/../lib/gcc/arm-none-eabi/14.1.0/../../../../arm-none-eabi/lib/armv6k/fpu/libsysbase.a(libsysbase_libsysbase_a-iosupport.o)
                0x00116954                RemoveDevice
 .text.AddDevice
                0x0011697c       0x98 /opt/devkitpro/devkitARM/bin/../lib/gcc/arm-none-eabi/14.1.0/../../../../arm-none-eabi/lib/armv6k/fpu/libsysbase.a(libsysbase_libsysbase_a-iosupport.o)
                0x0011697c                AddDevice
 .text.GetDeviceOpTab
                0x00116a14       0x20 /opt/devkitpro/devkitARM/bin/../lib/gcc/arm-none-eabi/14.1.0/../../../../arm-none-eabi/lib/armv6k/fpu/libsysbase.a(libsysbase_libsysbase_a-iosupport.o)
                0x00116a14                GetDeviceOpTab
 .text._isatty_r
                0x00116a34        0x8 /opt/devkitpro/devkitARM/bin/../lib/gcc/arm-none-eabi/14.1.0/../../../../arm-none-eabi/lib/armv6k/fpu/libsysbase.a(libsysbase_libsysbase_a-isatty.o)
                0x00116a34                _isatty_r
 .text._kill_r  0x00116a3c       0x14 /opt/devkitpro/devkitARM/bin/../lib/gcc/arm-none-eabi/14.1.0/../../../../arm-none-eabi/lib/armv6k/fpu/libsysbase.a(libsysbase_libsysbase_a-kill.o)
                0x00116a3c                _kill_r
 .text._lseek_r
                0x00116a50       0x8c /opt/devkitpro/devkitARM/bin/../lib/gcc/arm-none-eabi/14.1.0/../../../../arm-none-eabi/lib/armv6k/fpu/libsysbase.a(libsysbase_libsysbase_a-lseek.o)
                0x00116a50                _lseek_r
 .text._read_r  0x00116adc       0x88 /opt/devkitpro/devkitARM/bin/../lib/gcc/arm-none-eabi/14.1.0/../../../../arm-none-eabi/lib/armv6k/fpu/libsysbase.a(libsysbase_libsysbase_a-read.o)
                0x00116adc                _read_r
 .text._sbrk_r  0x00116b64       0x78 /opt/devkitpro/devkitARM/bin/../lib/gcc/arm-none-eabi/14.1.0/../../../../arm-none-eabi/lib/armv6k/fpu/libsysbase.a(libsysbase_libsysbase_a-sbrk.o)
                0x00116b64                _sbrk_r
 .text.__libc_lock_acquire
                0x00116bdc       0x1c /opt/devkitpro/devkitARM/bin/../lib/gcc/arm-none-eabi/14.1.0/../../../../arm-none-eabi/lib/armv6k/fpu/libsysbase.a(libsysbase_libsysbase_a-syscall_support.o)
                0x00116bdc                __libc_lock_acquire
 .text.__libc_lock_release
                0x00116bf8       0x1c /opt/devkitpro/devkitARM/bin/../lib/gcc/arm-none-eabi/14.1.0/../../../../arm-none-eabi/lib/armv6k/fpu/libsysbase.a(libsysbase_libsysbase_a-syscall_support.o)
                0x00116bf8                __libc_lock_release
 .text.__libc_lock_acquire_recursive
                0x00116c14       0x1c /opt/devkitpro/devkitARM/bin/../lib/gcc/arm-none-eabi/14.1.0/../../../../arm-none-eabi/lib/armv6k/fpu/libsysbase.a(libsysbase_libsysbase_a-syscall_support.o)
                0x00116c14                __libc_lock_acquire_recursive
 .text.__libc_lock_release_recursive
                0x00116c30       0x1c /opt/devkitpro/devkitARM/bin/../lib/gcc/arm-none-eabi/14.1.0/../../../../arm-none-eabi/lib/armv6k/fpu/libsysbase.a(libsysbase_libsysbase_a-syscall_support.o)
                0x00116c30                __libc_lock_release_recursive
 .text._write_r
                0x00116c4c       0x88 /opt/devkitpro/devkitARM/bin/../lib/gcc/arm-none-eabi/14.1.0/../../../../arm-none-eabi/lib/armv6k/fpu/libsysbase.a(libsysbase_libsysbase_a-write.o)
                0x00116c4c                _write_r
 .text.strrchr  0x00116cd4       0x48 /opt/devkitpro/devkitARM/bin/../lib/gcc/arm-none-eabi/14.1.0/../../../../arm-none-eabi/lib/armv6k/fpu/libg.a(libc_a-strrchr.o)
                0x00116cd4                strrchr
 *(.glue_7)
 .glue_7        0x00116d1c        0x0 linker stubs
 *(.glue_7t)
 .glue_7t       0x00116d1c        0x0 linker stubs
 *(.stub)
 *(.gnu.warning)
 *(.gnu.linkonce.t*)
                0x00116d1c                        . = ALIGN (0x4)
 *(.fini)
 .fini          0x00116d1c        0xc /opt/devkitpro/devkitARM/bin/../lib/gcc/arm-none-eabi/14.1.0/armv6k/fpu/crti.o
                0x00116d1c                _fini
 .fini          0x00116d28        0xc /opt/devkitpro/devkitARM/bin/../lib/gcc/arm-none-eabi/14.1.0/armv6k/fpu/crtn.o
                0x00116d34                        . = ALIGN (0x4)

.vfp11_veneer   0x00116d34        0x0
 .vfp11_veneer  0x00116d34        0x0 linker stubs

.v4_bx          0x00116d34        0x0
 .v4_bx         0x00116d34        0x0 linker stubs

.iplt           0x00116d34        0x0
 .iplt          0x00116d34        0x0 /opt/devkitpro/devkitARM/bin/../lib/gcc/arm-none-eabi/14.1.0/../../../../arm-none-eabi/lib/armv6k/fpu/3dsx_crt0.o
                0x00117000                        . = ALIGN (0x1000)

.rodata         0x00117000     0x1240
 *(.rodata)
 .rodata        0x00117000        0xc /opt/devkitpro/libctru/lib/libctru.a(archive_dev.o)
 *(.roda)
 *(.rodata.*)
 .rodata.str1.4
                0x0011700c      0x1e4 main.o
                                 0x10 (size before relaxing)
 .rodata.str1.4
                0x001171f0       0x10 /opt/devkitpro/libctru/lib/libctru.a(console.o)
 .rodata.dotab_stdout
                0x001171f0       0x80 /opt/devkitpro/libctru/lib/libctru.a(console.o)
 .rodata.grayScale
                0x00117270       0x18 /opt/devkitpro/libctru/lib/libctru.a(console.o)
 .rodata.colorCube
                0x00117288        0x6 /opt/devkitpro/libctru/lib/libctru.a(console.o)
 *fill*         0x0011728e        0x2 
 .rodata.colorTable
                0x00117290       0x30 /opt/devkitpro/libctru/lib/libctru.a(console.o)
 .rodata.aptSendCommand.str1.4
                0x001172c0       0x16 /opt/devkitpro/libctru/lib/libctru.a(apt.o)
 .rodata.morton_y.2
                0x001172c0        0x8 /opt/devkitpro/libctru/lib/libctru.a(apt.o)
 .rodata.morton_x.3
                0x001172c8        0x8 /opt/devkitpro/libctru/lib/libctru.a(apt.o)
 .rodata.s_sleepWakeEvents.4
                0x001172d0        0x8 /opt/devkitpro/libctru/lib/libctru.a(apt.o)
 .rodata.gspInit.str1.4
                0x001172d8        0x9 /opt/devkitpro/libctru/lib/libctru.a(gspgpu.o)
 .rodata.hidInit.str1.4
                0x001172d8       0x15 /opt/devkitpro/libctru/lib/libctru.a(hid.o)
 .rodata.irrstInit.str1.4
                0x001172d8        0x7 /opt/devkitpro/libctru/lib/libctru.a(irrst.o)
 .rodata.__system_initArgv.str1.4
                0x001172d8        0xa /opt/devkitpro/libctru/lib/libctru.a(initArgv.o)
 .rodata.default_font_bin
                0x001172d8      0x800 /opt/devkitpro/libctru/lib/libctru.a(default_font.bin.o)
                0x001172d8                default_font_bin
                0x00117ad8                default_font_bin_end
 .rodata.srvInit.str1.4
                0x00117ad8        0x5 /opt/devkitpro/libctru/lib/libctru.a(srv.o)
 .rodata.ptmSysmInit.str1.4
                0x00117ad8        0x9 /opt/devkitpro/libctru/lib/libctru.a(ptmsysm.o)
 .rodata.archive_utf16path.str1.4
                0x00117ad8        0x2 /opt/devkitpro/libctru/lib/libctru.a(archive_dev.o)
 .rodata._archiveUnmountDeviceStruct.part.0.str1.4
                0x00117ad8        0x2 /opt/devkitpro/libctru/lib/libctru.a(archive_dev.o)
 .rodata._archiveMountDevice.str1.4
                0x00117ad8        0xc /opt/devkitpro/libctru/lib/libctru.a(archive_dev.o)
 .rodata.archiveMountSdmc.str1.4
                0x00117ad8        0x5 /opt/devkitpro/libctru/lib/libctru.a(archive_dev.o)
 .rodata.error_table
                0x00117ad8       0x30 /opt/devkitpro/libctru/lib/libctru.a(archive_dev.o)
 .rodata.str1.4
                0x00117b08        0x8 /opt/devkitpro/libctru/lib/libctru.a(archive_dev.o)
 .rodata.archive_devoptab
                0x00117b08       0x80 /opt/devkitpro/libctru/lib/libctru.a(archive_dev.o)
 .rodata.fsInit.str1.4
                0x00117b88        0x8 /opt/devkitpro/libctru/lib/libctru.a(fs.o)
 .rodata._ctype_
                0x00117b88      0x101 /opt/devkitpro/devkitARM/bin/../lib/gcc/arm-none-eabi/14.1.0/../../../../arm-none-eabi/lib/armv6k/fpu/libg.a(libc_a-ctype_.o)
                0x00117b88                _ctype_
 *fill*         0x00117c89        0x1 
 .rodata.get_arg
                0x00117c8a       0x34 /opt/devkitpro/devkitARM/bin/../lib/gcc/arm-none-eabi/14.1.0/../../../../arm-none-eabi/lib/armv6k/fpu/libg.a(libc_a-vfprintf.o)
 .rodata._vfprintf_r.str1.1
                0x00117cbe       0x3b /opt/devkitpro/devkitARM/bin/../lib/gcc/arm-none-eabi/14.1.0/../../../../arm-none-eabi/lib/armv6k/fpu/libg.a(libc_a-vfprintf.o)
 *fill*         0x00117cf9        0x1 
 .rodata._vfprintf_r
                0x00117cfa       0xb6 /opt/devkitpro/devkitARM/bin/../lib/gcc/arm-none-eabi/14.1.0/../../../../arm-none-eabi/lib/armv6k/fpu/libg.a(libc_a-vfprintf.o)
 .rodata.zeroes.0
                0x00117db0       0x10 /opt/devkitpro/devkitARM/bin/../lib/gcc/arm-none-eabi/14.1.0/../../../../arm-none-eabi/lib/armv6k/fpu/libg.a(libc_a-vfprintf.o)
 .rodata.blanks.1
                0x00117dc0       0x10 /opt/devkitpro/devkitARM/bin/../lib/gcc/arm-none-eabi/14.1.0/../../../../arm-none-eabi/lib/armv6k/fpu/libg.a(libc_a-vfprintf.o)
 .rodata._dtoa_r.str1.4
                0x00117dd0       0x6a /opt/devkitpro/devkitARM/bin/../lib/gcc/arm-none-eabi/14.1.0/../../../../arm-none-eabi/lib/armv6k/fpu/libg.a(libc_a-dtoa.o)
 .rodata._dtoa_r
                0x00117dd0        0x8 /opt/devkitpro/devkitARM/bin/../lib/gcc/arm-none-eabi/14.1.0/../../../../arm-none-eabi/lib/armv6k/fpu/libg.a(libc_a-dtoa.o)
 .rodata.__action_table
                0x00117dd8       0x6c /opt/devkitpro/devkitARM/bin/../lib/gcc/arm-none-eabi/14.1.0/../../../../arm-none-eabi/lib/armv6k/fpu/libg.a(libc_a-svfiprintf.o)
                0x00117dd8                __action_table
 .rodata.__state_table
                0x00117e44       0x6c /opt/devkitpro/devkitARM/bin/../lib/gcc/arm-none-eabi/14.1.0/../../../../arm-none-eabi/lib/armv6k/fpu/libg.a(libc_a-svfiprintf.o)
                0x00117e44                __state_table
 .rodata.__chclass
                0x00117eb0      0x100 /opt/devkitpro/devkitARM/bin/../lib/gcc/arm-none-eabi/14.1.0/../../../../arm-none-eabi/lib/armv6k/fpu/libg.a(libc_a-svfiprintf.o)
                0x00117eb0                __chclass
 .rodata.__assert_func.str1.4
                0x00117fb0       0x43 /opt/devkitpro/devkitARM/bin/../lib/gcc/arm-none-eabi/14.1.0/../../../../arm-none-eabi/lib/armv6k/fpu/libg.a(libc_a-assert.o)
 .rodata.__multadd.str1.4
                0x00117fb0       0x57 /opt/devkitpro/devkitARM/bin/../lib/gcc/arm-none-eabi/14.1.0/../../../../arm-none-eabi/lib/armv6k/fpu/libg.a(libc_a-mprec.o)
 .rodata.p05.0  0x00117fb0        0xc /opt/devkitpro/devkitARM/bin/../lib/gcc/arm-none-eabi/14.1.0/../../../../arm-none-eabi/lib/armv6k/fpu/libg.a(libc_a-mprec.o)
 *fill*         0x00117fbc        0x4 
 .rodata.__mprec_bigtens
                0x00117fc0       0x28 /opt/devkitpro/devkitARM/bin/../lib/gcc/arm-none-eabi/14.1.0/../../../../arm-none-eabi/lib/armv6k/fpu/libg.a(libc_a-mprec.o)
                0x00117fc0                __mprec_bigtens
 .rodata.__mprec_tens
                0x00117fe8       0xc8 /opt/devkitpro/devkitARM/bin/../lib/gcc/arm-none-eabi/14.1.0/../../../../arm-none-eabi/lib/armv6k/fpu/libg.a(libc_a-mprec.o)
                0x00117fe8                __mprec_tens
 .rodata.str1.4
                0x001180b0       0x4c /opt/devkitpro/devkitARM/bin/../lib/gcc/arm-none-eabi/14.1.0/../../../../arm-none-eabi/lib/armv6k/fpu/libg.a(libc_a-locale.o)
 .rodata.get_arg
                0x001180b0       0x34 /opt/devkitpro/devkitARM/bin/../lib/gcc/arm-none-eabi/14.1.0/../../../../arm-none-eabi/lib/armv6k/fpu/libg.a(libc_a-vfiprintf.o)
 .rodata._vfiprintf_r.str1.1
                0x001180e4       0x29 /opt/devkitpro/devkitARM/bin/../lib/gcc/arm-none-eabi/14.1.0/../../../../arm-none-eabi/lib/armv6k/fpu/libg.a(libc_a-vfiprintf.o)
 .rodata._vfiprintf_r
                0x001180e4       0xb6 /opt/devkitpro/devkitARM/bin/../lib/gcc/arm-none-eabi/14.1.0/../../../../arm-none-eabi/lib/armv6k/fpu/libg.a(libc_a-vfiprintf.o)
 *fill*         0x0011819a        0x2 
 .rodata.zeroes.0
                0x0011819c       0x10 /opt/devkitpro/devkitARM/bin/../lib/gcc/arm-none-eabi/14.1.0/../../../../arm-none-eabi/lib/armv6k/fpu/libg.a(libc_a-vfiprintf.o)
 .rodata.blanks.1
                0x001181ac       0x10 /opt/devkitpro/devkitARM/bin/../lib/gcc/arm-none-eabi/14.1.0/../../../../arm-none-eabi/lib/armv6k/fpu/libg.a(libc_a-vfiprintf.o)
 .rodata.AddDevice.str1.4
                0x001181bc        0x8 /opt/devkitpro/devkitARM/bin/../lib/gcc/arm-none-eabi/14.1.0/../../../../arm-none-eabi/lib/armv6k/fpu/libsysbase.a(libsysbase_libsysbase_a-iosupport.o)
 .rodata.dotab_stdnull
                0x001181bc       0x80 /opt/devkitpro/devkitARM/bin/../lib/gcc/arm-none-eabi/14.1.0/../../../../arm-none-eabi/lib/armv6k/fpu/libsysbase.a(libsysbase_libsysbase_a-iosupport.o)
                0x001181bc                dotab_stdnull
 *all.rodata*(*)
 *(.gnu.linkonce.r*)
                0x0011823c                        . = ALIGN (0x4)
                0x0011823c                        __tdata_align = .
                0x0011823c        0x4 LONG 0x4 ALIGNOF (.tdata)
                0x00118240                        . = ALIGN (0x4)

.eh_frame       0x00118240        0x0
 .eh_frame      0x00118240        0x0 /opt/devkitpro/devkitARM/bin/../lib/gcc/arm-none-eabi/14.1.0/armv6k/fpu/crtbegin.o

.rel.dyn        0x00118240        0x0
 .rel.iplt      0x00118240        0x0 /opt/devkitpro/devkitARM/bin/../lib/gcc/arm-none-eabi/14.1.0/../../../../arm-none-eabi/lib/armv6k/fpu/3dsx_crt0.o
 .rel.got       0x00118240        0x0 /opt/devkitpro/devkitARM/bin/../lib/gcc/arm-none-eabi/14.1.0/../../../../arm-none-eabi/lib/armv6k/fpu/3dsx_crt0.o

.ARM.extab
 *(.ARM.extab* .gnu.linkonce.armextab.*)
                0x00118240                        __exidx_start = .

.ARM.exidx
 *(.ARM.exidx* .gnu.linkonce.armexidx.*)
                0x00118240                        __exidx_end = .
                0x00119000                        . = ALIGN (0x1000)

.data           0x00119000     0x1bcc
 *(.data)
 *(.data.*)
 .data.firstConsoleInit.0
                0x00119000        0x1 /opt/devkitpro/libctru/lib/libctru.a(console.o)
 *fill*         0x00119001        0x3 
 .data.currentConsole
                0x00119004        0x4 /opt/devkitpro/libctru/lib/libctru.a(console.o)
                0x00119004                currentConsole
 .data.defaultConsole
                0x00119008       0x48 /opt/devkitpro/libctru/lib/libctru.a(console.o)
                0x00119008                defaultConsole
 .data.aptChainloadDeliverArgSize
                0x00119050        0x4 /opt/devkitpro/libctru/lib/libctru.a(apt.o)
 .data.kCount   0x00119054        0x4 /opt/devkitpro/libctru/lib/libctru.a(hid.o)
 .data.kInterval
                0x00119058        0x4 /opt/devkitpro/libctru/lib/libctru.a(hid.o)
 .data.kDelay   0x0011905c        0x4 /opt/devkitpro/libctru/lib/libctru.a(hid.o)
 .data.__stacksize__
                0x00119060        0x4 /opt/devkitpro/libctru/lib/libctru.a(stack_adjust.o)
                0x00119060                __stacksize__
 .data._impure_ptr
                0x00119064        0x4 /opt/devkitpro/devkitARM/bin/../lib/gcc/arm-none-eabi/14.1.0/../../../../arm-none-eabi/lib/armv6k/fpu/libg.a(libc_a-impure.o)
                0x00119064                _impure_ptr
 .data._impure_data
                0x00119068      0x120 /opt/devkitpro/devkitARM/bin/../lib/gcc/arm-none-eabi/14.1.0/../../../../arm-none-eabi/lib/armv6k/fpu/libg.a(libc_a-impure.o)
                0x00119068                _impure_data
 .data.__sglue  0x00119188        0xc /opt/devkitpro/devkitARM/bin/../lib/gcc/arm-none-eabi/14.1.0/../../../../arm-none-eabi/lib/armv6k/fpu/libg.a(libc_a-findfp.o)
                0x00119188                __sglue
 .data.__malloc_sbrk_base
                0x00119194        0x4 /opt/devkitpro/devkitARM/bin/../lib/gcc/arm-none-eabi/14.1.0/../../../../arm-none-eabi/lib/armv6k/fpu/libg.a(libc_a-mallocr.o)
                0x00119194                __malloc_sbrk_base
 .data.__malloc_trim_threshold
                0x00119198        0x4 /opt/devkitpro/devkitARM/bin/../lib/gcc/arm-none-eabi/14.1.0/../../../../arm-none-eabi/lib/armv6k/fpu/libg.a(libc_a-mallocr.o)
                0x00119198                __malloc_trim_threshold
 *fill*         0x0011919c        0x4 
 .data.__malloc_av_
                0x001191a0      0x408 /opt/devkitpro/devkitARM/bin/../lib/gcc/arm-none-eabi/14.1.0/../../../../arm-none-eabi/lib/armv6k/fpu/libg.a(libc_a-mallocr.o)
                0x001191a0                __malloc_av_
 .data.__global_locale
                0x001195a8      0x16c /opt/devkitpro/devkitARM/bin/../lib/gcc/arm-none-eabi/14.1.0/../../../../arm-none-eabi/lib/armv6k/fpu/libg.a(libc_a-locale.o)
                0x001195a8                __global_locale
 .data._current_working_directory
                0x00119714      0x400 /opt/devkitpro/devkitARM/bin/../lib/gcc/arm-none-eabi/14.1.0/../../../../arm-none-eabi/lib/armv6k/fpu/libsysbase.a(libsysbase_libsysbase_a-chdir.o)
 *fill*         0x00119b14        0x4 
 .data.handles  0x00119b18     0x1000 /opt/devkitpro/devkitARM/bin/../lib/gcc/arm-none-eabi/14.1.0/../../../../arm-none-eabi/lib/armv6k/fpu/libsysbase.a(libsysbase_libsysbase_a-handle_manager.o)
 .data.__stderr_handle
                0x0011ab18        0xc /opt/devkitpro/devkitARM/bin/../lib/gcc/arm-none-eabi/14.1.0/../../../../arm-none-eabi/lib/armv6k/fpu/libsysbase.a(libsysbase_libsysbase_a-handle_manager.o)
 .data.__stdout_handle
                0x0011ab24        0xc /opt/devkitpro/devkitARM/bin/../lib/gcc/arm-none-eabi/14.1.0/../../../../arm-none-eabi/lib/armv6k/fpu/libsysbase.a(libsysbase_libsysbase_a-handle_manager.o)
 .data.__stdin_handle
                0x0011ab30        0xc /opt/devkitpro/devkitARM/bin/../lib/gcc/arm-none-eabi/14.1.0/../../../../arm-none-eabi/lib/armv6k/fpu/libsysbase.a(libsysbase_libsysbase_a-handle_manager.o)
 .data.devoptab_list
                0x0011ab3c       0x8c /opt/devkitpro/devkitARM/bin/../lib/gcc/arm-none-eabi/14.1.0/../../../../arm-none-eabi/lib/armv6k/fpu/libsysbase.a(libsysbase_libsysbase_a-iosupport.o)
                0x0011ab3c                devoptab_list
 .data.defaultDevice
                0x0011abc8        0x4 /opt/devkitpro/devkitARM/bin/../lib/gcc/arm-none-eabi/14.1.0/../../../../arm-none-eabi/lib/armv6k/fpu/libsysbase.a(libsysbase_libsysbase_a-iosupport.o)
 *(.gnu.linkonce.d*)
                0x0011abcc                        . = ALIGN (0x4)

.igot.plt       0x0011abcc        0x0
 .igot.plt      0x0011abcc        0x0 /opt/devkitpro/devkitARM/bin/../lib/gcc/arm-none-eabi/14.1.0/../../../../arm-none-eabi/lib/armv6k/fpu/3dsx_crt0.o

.got            0x0011abcc        0x8
 .got           0x0011abcc        0x8 /opt/devkitpro/devkitARM/bin/../lib/gcc/arm-none-eabi/14.1.0/../../../../arm-none-eabi/lib/armv6k/fpu/3dsx_crt0.o

.got.plt        0x0011abd4        0xc
 .got.plt       0x0011abd4        0xc /opt/devkitpro/devkitARM/bin/../lib/gcc/arm-none-eabi/14.1.0/../../../../arm-none-eabi/lib/armv6k/fpu/3dsx_crt0.o
                0x0011abd4                _GLOBAL_OFFSET_TABLE_

.tdata          0x0011abe0        0x0
                0x0011abe0                        __tdata_lma = .
 *(.tdata)
 *(.tdata.*)
 *(.gnu.linkonce.td.*)
                0x0011abe0                        . = ALIGN (0x4)
                0x0011abe0                        __tdata_lma_end = .

.tbss           0x0011abe0      0xc08
 *(.tbss)
 *(.tbss.*)
 .tbss.__ctru_dev_utf16_buf
                0x0011abe0      0x802 /opt/devkitpro/libctru/lib/libctru.a(path_buf.o)
                0x0011abe0                __ctru_dev_utf16_buf
 *fill*         0x0011b3e2        0x2 
 .tbss.__ctru_dev_path_buf
                0x0011b3e4      0x401 /opt/devkitpro/libctru/lib/libctru.a(path_buf.o)
                0x0011b3e4                __ctru_dev_path_buf
 *(.gnu.linkonce.tb.*)
 *(.tcommon)
                0x0011b7e8                        . = ALIGN (0x4)
 *fill*         0x0011b7e5        0x3 

.preinit_array  0x0011abe0        0x0
                0x0011abe0                        PROVIDE (__preinit_array_start = .)
 *(.preinit_array)
                0x0011abe0                        PROVIDE (__preinit_array_end = .)

.init_array     0x0011abe0        0x4
                0x0011abe0                        PROVIDE (__init_array_start = .)
 *(SORT_BY_NAME(.init_array.*))
 *(.init_array)
 .init_array    0x0011abe0        0x4 /opt/devkitpro/devkitARM/bin/../lib/gcc/arm-none-eabi/14.1.0/armv6k/fpu/crtbegin.o
                0x0011abe4                        PROVIDE (__init_array_end = .)

.fini_array     0x0011abe4        0x4
                0x0011abe4                        PROVIDE (__fini_array_start = .)
 *(.fini_array)
 .fini_array    0x0011abe4        0x4 /opt/devkitpro/devkitARM/bin/../lib/gcc/arm-none-eabi/14.1.0/armv6k/fpu/crtbegin.o
 *(SORT_BY_NAME(.fini_array.*))
                0x0011abe8                        PROVIDE (__fini_array_end = .)

.ctors
 *crtbegin.o(.ctors)
 *(EXCLUDE_FILE(*crtend.o) .ctors)
 *(SORT_BY_NAME(.ctors.*))
 *(.ctors)

.dtors
 *crtbegin.o(.dtors)
 *(EXCLUDE_FILE(*crtend.o) .dtors)
 *(SORT_BY_NAME(.dtors.*))
 *(.dtors)
                0x0011abe8                        __bss_start__ = .

.bss            0x0011abe8     0x2de4
 *(.dynbss)
 *(.bss)
 *(.bss.*)
 .bss.completed.1
                0x0011abe8        0x1 /opt/devkitpro/devkitARM/bin/../lib/gcc/arm-none-eabi/14.1.0/armv6k/fpu/crtbegin.o
 *fill*         0x0011abe9        0x3 
 .bss.object.0  0x0011abec       0x18 /opt/devkitpro/devkitARM/bin/../lib/gcc/arm-none-eabi/14.1.0/armv6k/fpu/crtbegin.o
 .bss.escapeSeq
                0x0011ac04       0x1c /opt/devkitpro/libctru/lib/libctru.a(console.o)
 .bss.currentCopy
                0x0011ac20       0x48 /opt/devkitpro/libctru/lib/libctru.a(console.o)
                0x0011ac20                currentCopy
 .bss.screenAlloc
                0x0011ac68        0x4 /opt/devkitpro/libctru/lib/libctru.a(gfx.o)
 .bss.screenFree
                0x0011ac6c        0x4 /opt/devkitpro/libctru/lib/libctru.a(gfx.o)
 .bss.gfxIsDoubleBuf
                0x0011ac70        0x2 /opt/devkitpro/libctru/lib/libctru.a(gfx.o)
 *fill*         0x0011ac72        0x2 
 .bss.gfxCurBuf
                0x0011ac74        0x2 /opt/devkitpro/libctru/lib/libctru.a(gfx.o)
 .bss.gfxIsVram
                0x0011ac76        0x1 /opt/devkitpro/libctru/lib/libctru.a(gfx.o)
 .bss.gfxTopMode
                0x0011ac77        0x1 /opt/devkitpro/libctru/lib/libctru.a(gfx.o)
 .bss.gfxFramebufferFormats
                0x0011ac78        0x2 /opt/devkitpro/libctru/lib/libctru.a(gfx.o)
 *fill*         0x0011ac7a        0x2 
 .bss.gfxBottomFramebufferMaxSize
                0x0011ac7c        0x4 /opt/devkitpro/libctru/lib/libctru.a(gfx.o)
 .bss.gfxTopFramebufferMaxSize
                0x0011ac80        0x4 /opt/devkitpro/libctru/lib/libctru.a(gfx.o)
 *fill*         0x0011ac84        0x4 
 .bss.gfxBottomFramebuffers
                0x0011ac88        0x8 /opt/devkitpro/libctru/lib/libctru.a(gfx.o)
 .bss.gfxTopFramebuffers
                0x0011ac90        0x8 /opt/devkitpro/libctru/lib/libctru.a(gfx.o)
 .bss.flagValue.0
                0x0011ac98        0x1 /opt/devkitpro/libctru/lib/libctru.a(apt.o)
 .bss.flagInit.1
                0x0011ac99        0x1 /opt/devkitpro/libctru/lib/libctru.a(apt.o)
 *fill*         0x0011ac9a        0x2 
 .bss.serviceName.6
                0x0011ac9c        0x4 /opt/devkitpro/libctru/lib/libctru.a(apt.o)
 .bss.aptChainloadFlags
                0x0011aca0        0x1 /opt/devkitpro/libctru/lib/libctru.a(apt.o)
 .bss.aptChainloadMediatype
                0x0011aca1        0x1 /opt/devkitpro/libctru/lib/libctru.a(apt.o)
 *fill*         0x0011aca2        0x2 
 .bss.aptChainloadHmac
                0x0011aca4       0x20 /opt/devkitpro/libctru/lib/libctru.a(apt.o)
 .bss.aptChainloadDeliverArg
                0x0011acc4      0x300 /opt/devkitpro/libctru/lib/libctru.a(apt.o)
 *fill*         0x0011afc4        0x4 
 .bss.aptChainloadTid
                0x0011afc8        0x8 /opt/devkitpro/libctru/lib/libctru.a(apt.o)
 .bss.aptParameters
                0x0011afd0     0x1000 /opt/devkitpro/libctru/lib/libctru.a(apt.o)
 .bss.aptFlags  0x0011bfd0        0x4 /opt/devkitpro/libctru/lib/libctru.a(apt.o)
 .bss.aptHomeButtonState
                0x0011bfd4        0x1 /opt/devkitpro/libctru/lib/libctru.a(apt.o)
 *fill*         0x0011bfd5        0x3 
 .bss.aptMessageFuncData
                0x0011bfd8        0x4 /opt/devkitpro/libctru/lib/libctru.a(apt.o)
 .bss.aptMessageFunc
                0x0011bfdc        0x4 /opt/devkitpro/libctru/lib/libctru.a(apt.o)
 .bss.aptFirstHook
                0x0011bfe0        0xc /opt/devkitpro/libctru/lib/libctru.a(apt.o)
 .bss.aptEventHandlerThreadQuit
                0x0011bfec        0x1 /opt/devkitpro/libctru/lib/libctru.a(apt.o)
 *fill*         0x0011bfed        0x3 
 .bss.aptEventHandlerThread
                0x0011bff0        0x4 /opt/devkitpro/libctru/lib/libctru.a(apt.o)
 .bss.aptSleepEvent
                0x0011bff4        0x8 /opt/devkitpro/libctru/lib/libctru.a(apt.o)
 .bss.aptReceiveEvent
                0x0011bffc        0x8 /opt/devkitpro/libctru/lib/libctru.a(apt.o)
 .bss.aptEvents
                0x0011c004        0x8 /opt/devkitpro/libctru/lib/libctru.a(apt.o)
 .bss.aptLockHandle
                0x0011c00c        0x4 /opt/devkitpro/libctru/lib/libctru.a(apt.o)
 .bss.aptRefCount
                0x0011c010        0x4 /opt/devkitpro/libctru/lib/libctru.a(apt.o)
 .bss.gspEventCbOneShot
                0x0011c014        0x7 /opt/devkitpro/libctru/lib/libctru.a(gspgpu.o)
 *fill*         0x0011c01b        0x1 
 .bss.gspEventCbData
                0x0011c01c       0x1c /opt/devkitpro/libctru/lib/libctru.a(gspgpu.o)
 .bss.gspEventCb
                0x0011c038       0x1c /opt/devkitpro/libctru/lib/libctru.a(gspgpu.o)
 .bss.gspEvents
                0x0011c054       0x38 /opt/devkitpro/libctru/lib/libctru.a(gspgpu.o)
 .bss.gspLastEvent
                0x0011c08c        0x4 /opt/devkitpro/libctru/lib/libctru.a(gspgpu.o)
 .bss.gspRunEvents
                0x0011c090        0x1 /opt/devkitpro/libctru/lib/libctru.a(gspgpu.o)
 *fill*         0x0011c091        0x3 
 .bss.gspEventThread
                0x0011c094        0x4 /opt/devkitpro/libctru/lib/libctru.a(gspgpu.o)
 .bss.gspEvent  0x0011c098        0x4 /opt/devkitpro/libctru/lib/libctru.a(gspgpu.o)
 .bss.gspGpuRight
                0x0011c09c        0x1 /opt/devkitpro/libctru/lib/libctru.a(gspgpu.o)
 .bss.gspThreadId
                0x0011c09d        0x1 /opt/devkitpro/libctru/lib/libctru.a(gspgpu.o)
 *fill*         0x0011c09e        0x2 
 .bss.gspSharedMem
                0x0011c0a0        0x4 /opt/devkitpro/libctru/lib/libctru.a(gspgpu.o)
 .bss.gspSharedMemHandle
                0x0011c0a4        0x4 /opt/devkitpro/libctru/lib/libctru.a(gspgpu.o)
 .bss.gspRefCount
                0x0011c0a8        0x4 /opt/devkitpro/libctru/lib/libctru.a(gspgpu.o)
 .bss.gspGpuHandle
                0x0011c0ac        0x4 /opt/devkitpro/libctru/lib/libctru.a(gspgpu.o)
 .bss.usingIrrst
                0x0011c0b0        0x1 /opt/devkitpro/libctru/lib/libctru.a(hid.o)
 *fill*         0x0011c0b1        0x3 
 .bss.hidRefCount
                0x0011c0b4        0x4 /opt/devkitpro/libctru/lib/libctru.a(hid.o)
 .bss.gRate     0x0011c0b8        0x6 /opt/devkitpro/libctru/lib/libctru.a(hid.o)
 *fill*         0x0011c0be        0x2 
 .bss.aVec      0x0011c0c0        0x6 /opt/devkitpro/libctru/lib/libctru.a(hid.o)
 *fill*         0x0011c0c6        0x2 
 .bss.cPos      0x0011c0c8        0x4 /opt/devkitpro/libctru/lib/libctru.a(hid.o)
 .bss.tPos      0x0011c0cc        0x4 /opt/devkitpro/libctru/lib/libctru.a(hid.o)
 .bss.kRepeat   0x0011c0d0        0x4 /opt/devkitpro/libctru/lib/libctru.a(hid.o)
 .bss.kUp       0x0011c0d4        0x4 /opt/devkitpro/libctru/lib/libctru.a(hid.o)
 .bss.kDown     0x0011c0d8        0x4 /opt/devkitpro/libctru/lib/libctru.a(hid.o)
 .bss.kHeld     0x0011c0dc        0x4 /opt/devkitpro/libctru/lib/libctru.a(hid.o)
 .bss.kOld      0x0011c0e0        0x4 /opt/devkitpro/libctru/lib/libctru.a(hid.o)
 .bss.hidSharedMem
                0x0011c0e4        0x4 /opt/devkitpro/libctru/lib/libctru.a(hid.o)
                0x0011c0e4                hidSharedMem
 .bss.hidEvents
                0x0011c0e8       0x14 /opt/devkitpro/libctru/lib/libctru.a(hid.o)
                0x0011c0e8                hidEvents
 .bss.hidMemHandle
                0x0011c0fc        0x4 /opt/devkitpro/libctru/lib/libctru.a(hid.o)
                0x0011c0fc                hidMemHandle
 .bss.hidHandle
                0x0011c100        0x4 /opt/devkitpro/libctru/lib/libctru.a(hid.o)
                0x0011c100                hidHandle
 .bss.irrstRefCount
                0x0011c104        0x4 /opt/devkitpro/libctru/lib/libctru.a(irrst.o)
 .bss.csPos     0x0011c108        0x4 /opt/devkitpro/libctru/lib/libctru.a(irrst.o)
 .bss.kHeld     0x0011c10c        0x4 /opt/devkitpro/libctru/lib/libctru.a(irrst.o)
 .bss.irrstSharedMem
                0x0011c110        0x4 /opt/devkitpro/libctru/lib/libctru.a(irrst.o)
                0x0011c110                irrstSharedMem
 .bss.irrstEvent
                0x0011c114        0x4 /opt/devkitpro/libctru/lib/libctru.a(irrst.o)
                0x0011c114                irrstEvent
 .bss.irrstMemHandle
                0x0011c118        0x4 /opt/devkitpro/libctru/lib/libctru.a(irrst.o)
                0x0011c118                irrstMemHandle
 .bss.irrstHandle
                0x0011c11c        0x4 /opt/devkitpro/libctru/lib/libctru.a(irrst.o)
                0x0011c11c                irrstHandle
 .bss.__system_retAddr
                0x0011c120        0x4 /opt/devkitpro/libctru/lib/libctru.a(ctru_init.o)
                0x0011c120                __system_retAddr
 .bss.__system_argv
                0x0011c124        0x4 /opt/devkitpro/libctru/lib/libctru.a(initArgv.o)
                0x0011c124                __system_argv
 .bss.__system_argc
                0x0011c128        0x4 /opt/devkitpro/libctru/lib/libctru.a(initArgv.o)
                0x0011c128                __system_argc
 .bss.saved_stack.42
                0x0011c12c        0x8 /opt/devkitpro/libctru/lib/libctru.a(stack_adjust.o)
 *fill*         0x0011c134        0x4 
 .bss._ZL11sLinearPool
                0x0011c138        0x8 /opt/devkitpro/libctru/lib/libctru.a(linear.o)
 .bss._ZL8sAddrMap
                0x0011c140        0xc /opt/devkitpro/libctru/lib/libctru.a(linear.o)
 *fill*         0x0011c14c        0x4 
 .bss._ZL10sVramPoolB
                0x0011c150        0x8 /opt/devkitpro/libctru/lib/libctru.a(vram.o)
 .bss._ZL10sVramPoolA
                0x0011c158        0x8 /opt/devkitpro/libctru/lib/libctru.a(vram.o)
 .bss._ZL8sAddrMap
                0x0011c160        0xc /opt/devkitpro/libctru/lib/libctru.a(vram.o)
 .bss.__3dslink_host
                0x0011c16c        0x4 /opt/devkitpro/libctru/lib/libctru.a(3dslink.o)
                0x0011c16c                __3dslink_host
 .bss.__ctru_speedup
                0x0011c170        0x1 /opt/devkitpro/libctru/lib/libctru.a(os.o)
                0x0011c170                __ctru_speedup
 *fill*         0x0011c171        0x3 
 .bss.srvRefCount
                0x0011c174        0x4 /opt/devkitpro/libctru/lib/libctru.a(srv.o)
 .bss.srvHandle
                0x0011c178        0x4 /opt/devkitpro/libctru/lib/libctru.a(srv.o)
 .bss.arbiter   0x0011c17c        0x4 /opt/devkitpro/libctru/lib/libctru.a(synchronization.o)
 .bss.currentAddr
                0x0011c180        0x4 /opt/devkitpro/libctru/lib/libctru.a(mappable.o)
 .bss.maxAddr   0x0011c184        0x4 /opt/devkitpro/libctru/lib/libctru.a(mappable.o)
 .bss.minAddr   0x0011c188        0x4 /opt/devkitpro/libctru/lib/libctru.a(mappable.o)
 .bss.ptmSysmRefCount
                0x0011c18c        0x4 /opt/devkitpro/libctru/lib/libctru.a(ptmsysm.o)
 .bss.ptmSysmHandle
                0x0011c190        0x4 /opt/devkitpro/libctru/lib/libctru.a(ptmsysm.o)
 .bss.srvPmHandle
                0x0011c194        0x4 /opt/devkitpro/libctru/lib/libctru.a(srvpm.o)
 .bss.__ctru_linear_heap_size
                0x0011c198        0x4 /opt/devkitpro/libctru/lib/libctru.a(allocateHeaps.o)
                0x0011c198                __ctru_linear_heap_size
 .bss.__ctru_heap_size
                0x0011c19c        0x4 /opt/devkitpro/libctru/lib/libctru.a(allocateHeaps.o)
                0x0011c19c                __ctru_heap_size
 .bss.__ctru_linear_heap
                0x0011c1a0        0x4 /opt/devkitpro/libctru/lib/libctru.a(allocateHeaps.o)
                0x0011c1a0                __ctru_linear_heap
 .bss.__ctru_heap
                0x0011c1a4        0x4 /opt/devkitpro/libctru/lib/libctru.a(allocateHeaps.o)
                0x0011c1a4                __ctru_heap
 .bss.archive_devices
                0x0011c1a8      0x5c0 /opt/devkitpro/libctru/lib/libctru.a(archive_dev.o)
 .bss.archive_device_cwd
                0x0011c768        0x4 /opt/devkitpro/libctru/lib/libctru.a(archive_dev.o)
 .bss.archive_initialized
                0x0011c76c        0x1 /opt/devkitpro/libctru/lib/libctru.a(archive_dev.o)
 *fill*         0x0011c76d        0x3 
 .bss.fsExemptArchives
                0x0011c770       0x80 /opt/devkitpro/libctru/lib/libctru.a(fs.o)
 .bss.fsuRefCount
                0x0011c7f0        0x4 /opt/devkitpro/libctru/lib/libctru.a(fs.o)
 .bss.fsuHandle
                0x0011c7f4        0x4 /opt/devkitpro/libctru/lib/libctru.a(fs.o)
 .bss.__sfp_recursive_mutex
                0x0011c7f8        0xc /opt/devkitpro/devkitARM/bin/../lib/gcc/arm-none-eabi/14.1.0/../../../../arm-none-eabi/lib/armv6k/fpu/libg.a(libc_a-findfp.o)
 *fill*         0x0011c804        0x4 
 .bss.__sf      0x0011c808      0x168 /opt/devkitpro/devkitARM/bin/../lib/gcc/arm-none-eabi/14.1.0/../../../../arm-none-eabi/lib/armv6k/fpu/libg.a(libc_a-findfp.o)
                0x0011c808                __sf
 .bss.__stdio_exit_handler
                0x0011c970        0x4 /opt/devkitpro/devkitARM/bin/../lib/gcc/arm-none-eabi/14.1.0/../../../../arm-none-eabi/lib/armv6k/fpu/libg.a(libc_a-findfp.o)
                0x0011c970                __stdio_exit_handler
 .bss.__malloc_current_mallinfo
                0x0011c974       0x28 /opt/devkitpro/devkitARM/bin/../lib/gcc/arm-none-eabi/14.1.0/../../../../arm-none-eabi/lib/armv6k/fpu/libg.a(libc_a-mallocr.o)
                0x0011c974                __malloc_current_mallinfo
 .bss.__malloc_max_total_mem
                0x0011c99c        0x4 /opt/devkitpro/devkitARM/bin/../lib/gcc/arm-none-eabi/14.1.0/../../../../arm-none-eabi/lib/armv6k/fpu/libg.a(libc_a-mallocr.o)
                0x0011c99c                __malloc_max_total_mem
 .bss.__malloc_max_sbrked_mem
                0x0011c9a0        0x4 /opt/devkitpro/devkitARM/bin/../lib/gcc/arm-none-eabi/14.1.0/../../../../arm-none-eabi/lib/armv6k/fpu/libg.a(libc_a-mallocr.o)
                0x0011c9a0                __malloc_max_sbrked_mem
 .bss.__malloc_top_pad
                0x0011c9a4        0x4 /opt/devkitpro/devkitARM/bin/../lib/gcc/arm-none-eabi/14.1.0/../../../../arm-none-eabi/lib/armv6k/fpu/libg.a(libc_a-mallocr.o)
                0x0011c9a4                __malloc_top_pad
 .bss.__malloc_recursive_mutex
                0x0011c9a8        0xc /opt/devkitpro/devkitARM/bin/../lib/gcc/arm-none-eabi/14.1.0/../../../../arm-none-eabi/lib/armv6k/fpu/libg.a(libc_a-mlock.o)